18:07:32 **** Build of configuration Debug for project TASK3 ****
make -j16 all 
arm-none-eabi-gcc "../Drivers/STM32F1xx_HAL_Driver/Src/stm32f1xx_hal.c" -mcpu=cortex-m3 -std=gnu11 -g3 -DDEBUG -DUSE_HAL_DRIVER -DSTM32F103x6 -c -I../Core/Inc -I../Drivers/STM32F1xx_HAL_Driver/Inc/Legacy -I../Drivers/STM32F1xx_HAL_Driver/Inc -I../Drivers/CMSIS/Device/ST/STM32F1xx/Include -I../Drivers/CMSIS/Include -O0 -ffunction-sections -fdata-sections -Wall -fstack-usage -fcyclomatic-complexity -MMD -MP -MF"Drivers/STM32F1xx_HAL_Driver/Src/stm32f1xx_hal.d" -MT"Drivers/STM32F1xx_HAL_Driver/Src/stm32f1xx_hal.o" --specs=nano.specs -mfloat-abi=soft -mthumb -o "Drivers/STM32F1xx_HAL_Driver/Src/stm32f1xx_hal.o"
arm-none-eabi-gcc "../Drivers/STM32F1xx_HAL_Driver/Src/stm32f1xx_hal_adc.c" -mcpu=cortex-m3 -std=gnu11 -g3 -DDEBUG -DUSE_HAL_DRIVER -DSTM32F103x6 -c -I../Core/Inc -I../Drivers/STM32F1xx_HAL_Driver/Inc/Legacy -I../Drivers/STM32F1xx_HAL_Driver/Inc -I../Drivers/CMSIS/Device/ST/STM32F1xx/Include -I../Drivers/CMSIS/Include -O0 -ffunction-sections -fdata-sections -Wall -fstack-usage -fcyclomatic-complexity -MMD -MP -MF"Drivers/STM32F1xx_HAL_Driver/Src/stm32f1xx_hal_adc.d" -MT"Drivers/STM32F1xx_HAL_Driver/Src/stm32f1xx_hal_adc.o" --specs=nano.specs -mfloat-abi=soft -mthumb -o "Drivers/STM32F1xx_HAL_Driver/Src/stm32f1xx_hal_adc.o"
arm-none-eabi-gcc "../Drivers/STM32F1xx_HAL_Driver/Src/stm32f1xx_hal_adc_ex.c" -mcpu=cortex-m3 -std=gnu11 -g3 -DDEBUG -DUSE_HAL_DRIVER -DSTM32F103x6 -c -I../Core/Inc -I../Drivers/STM32F1xx_HAL_Driver/Inc/Legacy -I../Drivers/STM32F1xx_HAL_Driver/Inc -I../Drivers/CMSIS/Device/ST/STM32F1xx/Include -I../Drivers/CMSIS/Include -O0 -ffunction-sections -fdata-sections -Wall -fstack-usage -fcyclomatic-complexity -MMD -MP -MF"Drivers/STM32F1xx_HAL_Driver/Src/stm32f1xx_hal_adc_ex.d" -MT"Drivers/STM32F1xx_HAL_Driver/Src/stm32f1xx_hal_adc_ex.o" --specs=nano.specs -mfloat-abi=soft -mthumb -o "Drivers/STM32F1xx_HAL_Driver/Src/stm32f1xx_hal_adc_ex.o"
arm-none-eabi-gcc "../Drivers/STM32F1xx_HAL_Driver/Src/stm32f1xx_hal_cortex.c" -mcpu=cortex-m3 -std=gnu11 -g3 -DDEBUG -DUSE_HAL_DRIVER -DSTM32F103x6 -c -I../Core/Inc -I../Drivers/STM32F1xx_HAL_Driver/Inc/Legacy -I../Drivers/STM32F1xx_HAL_Driver/Inc -I../Drivers/CMSIS/Device/ST/STM32F1xx/Include -I../Drivers/CMSIS/Include -O0 -ffunction-sections -fdata-sections -Wall -fstack-usage -fcyclomatic-complexity -MMD -MP -MF"Drivers/STM32F1xx_HAL_Driver/Src/stm32f1xx_hal_cortex.d" -MT"Drivers/STM32F1xx_HAL_Driver/Src/stm32f1xx_hal_cortex.o" --specs=nano.specs -mfloat-abi=soft -mthumb -o "Drivers/STM32F1xx_HAL_Driver/Src/stm32f1xx_hal_cortex.o"
arm-none-eabi-gcc "../Drivers/STM32F1xx_HAL_Driver/Src/stm32f1xx_hal_dma.c" -mcpu=cortex-m3 -std=gnu11 -g3 -DDEBUG -DUSE_HAL_DRIVER -DSTM32F103x6 -c -I../Core/Inc -I../Drivers/STM32F1xx_HAL_Driver/Inc/Legacy -I../Drivers/STM32F1xx_HAL_Driver/Inc -I../Drivers/CMSIS/Device/ST/STM32F1xx/Include -I../Drivers/CMSIS/Include -O0 -ffunction-sections -fdata-sections -Wall -fstack-usage -fcyclomatic-complexity -MMD -MP -MF"Drivers/STM32F1xx_HAL_Driver/Src/stm32f1xx_hal_dma.d" -MT"Drivers/STM32F1xx_HAL_Driver/Src/stm32f1xx_hal_dma.o" --specs=nano.specs -mfloat-abi=soft -mthumb -o "Drivers/STM32F1xx_HAL_Driver/Src/stm32f1xx_hal_dma.o"
arm-none-eabi-gcc "../Drivers/STM32F1xx_HAL_Driver/Src/stm32f1xx_hal_exti.c" -mcpu=cortex-m3 -std=gnu11 -g3 -DDEBUG -DUSE_HAL_DRIVER -DSTM32F103x6 -c -I../Core/Inc -I../Drivers/STM32F1xx_HAL_Driver/Inc/Legacy -I../Drivers/STM32F1xx_HAL_Driver/Inc -I../Drivers/CMSIS/Device/ST/STM32F1xx/Include -I../Drivers/CMSIS/Include -O0 -ffunction-sections -fdata-sections -Wall -fstack-usage -fcyclomatic-complexity -MMD -MP -MF"Drivers/STM32F1xx_HAL_Driver/Src/stm32f1xx_hal_exti.d" -MT"Drivers/STM32F1xx_HAL_Driver/Src/stm32f1xx_hal_exti.o" --specs=nano.specs -mfloat-abi=soft -mthumb -o "Drivers/STM32F1xx_HAL_Driver/Src/stm32f1xx_hal_exti.o"
arm-none-eabi-gcc "../Drivers/STM32F1xx_HAL_Driver/Src/stm32f1xx_hal_flash.c" -mcpu=cortex-m3 -std=gnu11 -g3 -DDEBUG -DUSE_HAL_DRIVER -DSTM32F103x6 -c -I../Core/Inc -I../Drivers/STM32F1xx_HAL_Driver/Inc/Legacy -I../Drivers/STM32F1xx_HAL_Driver/Inc -I../Drivers/CMSIS/Device/ST/STM32F1xx/Include -I../Drivers/CMSIS/Include -O0 -ffunction-sections -fdata-sections -Wall -fstack-usage -fcyclomatic-complexity -MMD -MP -MF"Drivers/STM32F1xx_HAL_Driver/Src/stm32f1xx_hal_flash.d" -MT"Drivers/STM32F1xx_HAL_Driver/Src/stm32f1xx_hal_flash.o" --specs=nano.specs -mfloat-abi=soft -mthumb -o "Drivers/STM32F1xx_HAL_Driver/Src/stm32f1xx_hal_flash.o"
arm-none-eabi-gcc "../Drivers/STM32F1xx_HAL_Driver/Src/stm32f1xx_hal_flash_ex.c" -mcpu=cortex-m3 -std=gnu11 -g3 -DDEBUG -DUSE_HAL_DRIVER -DSTM32F103x6 -c -I../Core/Inc -I../Drivers/STM32F1xx_HAL_Driver/Inc/Legacy -I../Drivers/STM32F1xx_HAL_Driver/Inc -I../Drivers/CMSIS/Device/ST/STM32F1xx/Include -I../Drivers/CMSIS/Include -O0 -ffunction-sections -fdata-sections -Wall -fstack-usage -fcyclomatic-complexity -MMD -MP -MF"Drivers/STM32F1xx_HAL_Driver/Src/stm32f1xx_hal_flash_ex.d" -MT"Drivers/STM32F1xx_HAL_Driver/Src/stm32f1xx_hal_flash_ex.o" --specs=nano.specs -mfloat-abi=soft -mthumb -o "Drivers/STM32F1xx_HAL_Driver/Src/stm32f1xx_hal_flash_ex.o"
arm-none-eabi-gcc "../Drivers/STM32F1xx_HAL_Driver/Src/stm32f1xx_hal_gpio.c" -mcpu=cortex-m3 -std=gnu11 -g3 -DDEBUG -DUSE_HAL_DRIVER -DSTM32F103x6 -c -I../Core/Inc -I../Drivers/STM32F1xx_HAL_Driver/Inc/Legacy -I../Drivers/STM32F1xx_HAL_Driver/Inc -I../Drivers/CMSIS/Device/ST/STM32F1xx/Include -I../Drivers/CMSIS/Include -O0 -ffunction-sections -fdata-sections -Wall -fstack-usage -fcyclomatic-complexity -MMD -MP -MF"Drivers/STM32F1xx_HAL_Driver/Src/stm32f1xx_hal_gpio.d" -MT"Drivers/STM32F1xx_HAL_Driver/Src/stm32f1xx_hal_gpio.o" --specs=nano.specs -mfloat-abi=soft -mthumb -o "Drivers/STM32F1xx_HAL_Driver/Src/stm32f1xx_hal_gpio.o"
arm-none-eabi-gcc "../Drivers/STM32F1xx_HAL_Driver/Src/stm32f1xx_hal_gpio_ex.c" -mcpu=cortex-m3 -std=gnu11 -g3 -DDEBUG -DUSE_HAL_DRIVER -DSTM32F103x6 -c -I../Core/Inc -I../Drivers/STM32F1xx_HAL_Driver/Inc/Legacy -I../Drivers/STM32F1xx_HAL_Driver/Inc -I../Drivers/CMSIS/Device/ST/STM32F1xx/Include -I../Drivers/CMSIS/Include -O0 -ffunction-sections -fdata-sections -Wall -fstack-usage -fcyclomatic-complexity -MMD -MP -MF"Drivers/STM32F1xx_HAL_Driver/Src/stm32f1xx_hal_gpio_ex.d" -MT"Drivers/STM32F1xx_HAL_Driver/Src/stm32f1xx_hal_gpio_ex.o" --specs=nano.specs -mfloat-abi=soft -mthumb -o "Drivers/STM32F1xx_HAL_Driver/Src/stm32f1xx_hal_gpio_ex.o"
arm-none-eabi-gcc "../Drivers/STM32F1xx_HAL_Driver/Src/stm32f1xx_hal_pwr.c" -mcpu=cortex-m3 -std=gnu11 -g3 -DDEBUG -DUSE_HAL_DRIVER -DSTM32F103x6 -c -I../Core/Inc -I../Drivers/STM32F1xx_HAL_Driver/Inc/Legacy -I../Drivers/STM32F1xx_HAL_Driver/Inc -I../Drivers/CMSIS/Device/ST/STM32F1xx/Include -I../Drivers/CMSIS/Include -O0 -ffunction-sections -fdata-sections -Wall -fstack-usage -fcyclomatic-complexity -MMD -MP -MF"Drivers/STM32F1xx_HAL_Driver/Src/stm32f1xx_hal_pwr.d" -MT"Drivers/STM32F1xx_HAL_Driver/Src/stm32f1xx_hal_pwr.o" --specs=nano.specs -mfloat-abi=soft -mthumb -o "Drivers/STM32F1xx_HAL_Driver/Src/stm32f1xx_hal_pwr.o"
arm-none-eabi-gcc "../Drivers/STM32F1xx_HAL_Driver/Src/stm32f1xx_hal_rcc.c" -mcpu=cortex-m3 -std=gnu11 -g3 -DDEBUG -DUSE_HAL_DRIVER -DSTM32F103x6 -c -I../Core/Inc -I../Drivers/STM32F1xx_HAL_Driver/Inc/Legacy -I../Drivers/STM32F1xx_HAL_Driver/Inc -I../Drivers/CMSIS/Device/ST/STM32F1xx/Include -I../Drivers/CMSIS/Include -O0 -ffunction-sections -fdata-sections -Wall -fstack-usage -fcyclomatic-complexity -MMD -MP -MF"Drivers/STM32F1xx_HAL_Driver/Src/stm32f1xx_hal_rcc.d" -MT"Drivers/STM32F1xx_HAL_Driver/Src/stm32f1xx_hal_rcc.o" --specs=nano.specs -mfloat-abi=soft -mthumb -o "Drivers/STM32F1xx_HAL_Driver/Src/stm32f1xx_hal_rcc.o"
arm-none-eabi-gcc "../Drivers/STM32F1xx_HAL_Driver/Src/stm32f1xx_hal_rcc_ex.c" -mcpu=cortex-m3 -std=gnu11 -g3 -DDEBUG -DUSE_HAL_DRIVER -DSTM32F103x6 -c -I../Core/Inc -I../Drivers/STM32F1xx_HAL_Driver/Inc/Legacy -I../Drivers/STM32F1xx_HAL_Driver/Inc -I../Drivers/CMSIS/Device/ST/STM32F1xx/Include -I../Drivers/CMSIS/Include -O0 -ffunction-sections -fdata-sections -Wall -fstack-usage -fcyclomatic-complexity -MMD -MP -MF"Drivers/STM32F1xx_HAL_Driver/Src/stm32f1xx_hal_rcc_ex.d" -MT"Drivers/STM32F1xx_HAL_Driver/Src/stm32f1xx_hal_rcc_ex.o" --specs=nano.specs -mfloat-abi=soft -mthumb -o "Drivers/STM32F1xx_HAL_Driver/Src/stm32f1xx_hal_rcc_ex.o"
arm-none-eabi-gcc "../Drivers/STM32F1xx_HAL_Driver/Src/stm32f1xx_hal_uart.c" -mcpu=cortex-m3 -std=gnu11 -g3 -DDEBUG -DUSE_HAL_DRIVER -DSTM32F103x6 -c -I../Core/Inc -I../Drivers/STM32F1xx_HAL_Driver/Inc/Legacy -I../Drivers/STM32F1xx_HAL_Driver/Inc -I../Drivers/CMSIS/Device/ST/STM32F1xx/Include -I../Drivers/CMSIS/Include -O0 -ffunction-sections -fdata-sections -Wall -fstack-usage -fcyclomatic-complexity -MMD -MP -MF"Drivers/STM32F1xx_HAL_Driver/Src/stm32f1xx_hal_uart.d" -MT"Drivers/STM32F1xx_HAL_Driver/Src/stm32f1xx_hal_uart.o" --specs=nano.specs -mfloat-abi=soft -mthumb -o "Drivers/STM32F1xx_HAL_Driver/Src/stm32f1xx_hal_uart.o"
arm-none-eabi-gcc -mcpu=cortex-m3 -g3 -DDEBUG -c -x assembler-with-cpp -MMD -MP -MF"Core/Startup/startup_stm32f103c6tx.d" -MT"Core/Startup/startup_stm32f103c6tx.o" --specs=nano.specs -mfloat-abi=soft -mthumb -o "Core/Startup/startup_stm32f103c6tx.o" "../Core/Startup/startup_stm32f103c6tx.s"
arm-none-eabi-gcc "../Core/Src/main.c" -mcpu=cortex-m3 -std=gnu11 -g3 -DDEBUG -DUSE_HAL_DRIVER -DSTM32F103x6 -c -I../Core/Inc -I../Drivers/STM32F1xx_HAL_Driver/Inc/Legacy -I../Drivers/STM32F1xx_HAL_Driver/Inc -I../Drivers/CMSIS/Device/ST/STM32F1xx/Include -I../Drivers/CMSIS/Include -O0 -ffunction-sections -fdata-sections -Wall -fstack-usage -fcyclomatic-complexity -MMD -MP -MF"Core/Src/main.d" -MT"Core/Src/main.o" --specs=nano.specs -mfloat-abi=soft -mthumb -o "Core/Src/main.o"
../Core/Src/main.c: In function 'main':
../Core/Src/main.c:113:5: warning: implicit declaration of function 'sprintf' [-Wimplicit-function-declaration]
  113 |     sprintf(msg, "Temp: %lu, Throttle: %lu\r\n", adc_val[0], adc_val[1]);
      |     ^~~~~~~
../Core/Src/main.c:21:1: note: include '<stdio.h>' or provide a declaration of 'sprintf'
   20 | #include "main.h"
  +++ |+#include <stdio.h>
   21 | 
../Core/Src/main.c:113:5: warning: incompatible implicit declaration of built-in function 'sprintf' [-Wbuiltin-declaration-mismatch]
  113 |     sprintf(msg, "Temp: %lu, Throttle: %lu\r\n", adc_val[0], adc_val[1]);
      |     ^~~~~~~
../Core/Src/main.c:113:5: note: include '<stdio.h>' or provide a declaration of 'sprintf'
../Core/Src/main.c:113:27: warning: format '%lu' expects argument of type 'long unsigned int', but argument 3 has type 'int' [-Wformat=]
  113 |     sprintf(msg, "Temp: %lu, Throttle: %lu\r\n", adc_val[0], adc_val[1]);
      |                         ~~^                      ~~~~~~~~~~
      |                           |                             |
      |                           long unsigned int             int
      |                         %u
../Core/Src/main.c:113:42: warning: format '%lu' expects argument of type 'long unsigned int', but argument 4 has type 'int' [-Wformat=]
  113 |     sprintf(msg, "Temp: %lu, Throttle: %lu\r\n", adc_val[0], adc_val[1]);
      |                                        ~~^                   ~~~~~~~~~~
      |                                          |                          |
      |                                          long unsigned int          int
      |                                        %u
../Core/Src/main.c:114:55: warning: implicit declaration of function 'strlen' [-Wimplicit-function-declaration]
  114 |     HAL_UART_Transmit(&huart1 , (unsigned char*)msg , strlen(msg) , 100);
      |                                                       ^~~~~~
../Core/Src/main.c:21:1: note: include '<string.h>' or provide a declaration of 'strlen'
   20 | #include "main.h"
  +++ |+#include <string.h>
   21 | 
../Core/Src/main.c:114:55: warning: incompatible implicit declaration of built-in function 'strlen' [-Wbuiltin-declaration-mismatch]
  114 |     HAL_UART_Transmit(&huart1 , (unsigned char*)msg , strlen(msg) , 100);
      |                                                       ^~~~~~
../Core/Src/main.c:114:55: note: include '<string.h>' or provide a declaration of 'strlen'
arm-none-eabi-gcc "../Core/Src/stm32f1xx_hal_msp.c" -mcpu=cortex-m3 -std=gnu11 -g3 -DDEBUG -DUSE_HAL_DRIVER -DSTM32F103x6 -c -I../Core/Inc -I../Drivers/STM32F1xx_HAL_Driver/Inc/Legacy -I../Drivers/STM32F1xx_HAL_Driver/Inc -I../Drivers/CMSIS/Device/ST/STM32F1xx/Include -I../Drivers/CMSIS/Include -O0 -ffunction-sections -fdata-sections -Wall -fstack-usage -fcyclomatic-complexity -MMD -MP -MF"Core/Src/stm32f1xx_hal_msp.d" -MT"Core/Src/stm32f1xx_hal_msp.o" --specs=nano.specs -mfloat-abi=soft -mthumb -o "Core/Src/stm32f1xx_hal_msp.o"
arm-none-eabi-gcc "../Core/Src/stm32f1xx_it.c" -mcpu=cortex-m3 -std=gnu11 -g3 -DDEBUG -DUSE_HAL_DRIVER -DSTM32F103x6 -c -I../Core/Inc -I../Drivers/STM32F1xx_HAL_Driver/Inc/Legacy -I../Drivers/STM32F1xx_HAL_Driver/Inc -I../Drivers/CMSIS/Device/ST/STM32F1xx/Include -I../Drivers/CMSIS/Include -O0 -ffunction-sections -fdata-sections -Wall -fstack-usage -fcyclomatic-complexity -MMD -MP -MF"Core/Src/stm32f1xx_it.d" -MT"Core/Src/stm32f1xx_it.o" --specs=nano.specs -mfloat-abi=soft -mthumb -o "Core/Src/stm32f1xx_it.o"
arm-none-eabi-gcc "../Core/Src/syscalls.c" -mcpu=cortex-m3 -std=gnu11 -g3 -DDEBUG -DUSE_HAL_DRIVER -DSTM32F103x6 -c -I../Core/Inc -I../Drivers/STM32F1xx_HAL_Driver/Inc/Legacy -I../Drivers/STM32F1xx_HAL_Driver/Inc -I../Drivers/CMSIS/Device/ST/STM32F1xx/Include -I../Drivers/CMSIS/Include -O0 -ffunction-sections -fdata-sections -Wall -fstack-usage -fcyclomatic-complexity -MMD -MP -MF"Core/Src/syscalls.d" -MT"Core/Src/syscalls.o" --specs=nano.specs -mfloat-abi=soft -mthumb -o "Core/Src/syscalls.o"
arm-none-eabi-gcc "../Core/Src/sysmem.c" -mcpu=cortex-m3 -std=gnu11 -g3 -DDEBUG -DUSE_HAL_DRIVER -DSTM32F103x6 -c -I../Core/Inc -I../Drivers/STM32F1xx_HAL_Driver/Inc/Legacy -I../Drivers/STM32F1xx_HAL_Driver/Inc -I../Drivers/CMSIS/Device/ST/STM32F1xx/Include -I../Drivers/CMSIS/Include -O0 -ffunction-sections -fdata-sections -Wall -fstack-usage -fcyclomatic-complexity -MMD -MP -MF"Core/Src/sysmem.d" -MT"Core/Src/sysmem.o" --specs=nano.specs -mfloat-abi=soft -mthumb -o "Core/Src/sysmem.o"
arm-none-eabi-gcc "../Core/Src/system_stm32f1xx.c" -mcpu=cortex-m3 -std=gnu11 -g3 -DDEBUG -DUSE_HAL_DRIVER -DSTM32F103x6 -c -I../Core/Inc -I../Drivers/STM32F1xx_HAL_Driver/Inc/Legacy -I../Drivers/STM32F1xx_HAL_Driver/Inc -I../Drivers/CMSIS/Device/ST/STM32F1xx/Include -I../Drivers/CMSIS/Include -O0 -ffunction-sections -fdata-sections -Wall -fstack-usage -fcyclomatic-complexity -MMD -MP -MF"Core/Src/system_stm32f1xx.d" -MT"Core/Src/system_stm32f1xx.o" --specs=nano.specs -mfloat-abi=soft -mthumb -o "Core/Src/system_stm32f1xx.o"
arm-none-eabi-gcc -o "TASK3.elf" @"objects.list"   -mcpu=cortex-m3 -T"E:\embedded\stm32\STM_IDE_path\STM_projects\TASK3\STM32F103C6TX_FLASH.ld" --specs=nosys.specs -Wl,-Map="TASK3.map" -Wl,--gc-sections -static --specs=nano.specs -mfloat-abi=soft -mthumb -Wl,--start-group -lc -lm -Wl,--end-group
Finished building target: TASK3.elf
 
arm-none-eabi-size  TASK3.elf 
arm-none-eabi-objdump -h -S TASK3.elf  > "TASK3.list"
   text	   data	    bss	    dec	    hex	filename
  11676	     92	   2020	  13788	   35dc	TASK3.elf
Finished building: default.size.stdout
 
Finished building: TASK3.list
 
18:16:35 **** Incremental Build of configuration Debug for project TASK3 ****
make -j16 all 
arm-none-eabi-gcc -o "TASK3.elf" @"objects.list"   -mcpu=cortex-m3 -T"E:\embedded\stm32\STM_IDE_path\STM_projects\TASK3\STM32F103C6TX_FLASH.ld" --specs=nosys.specs -Wl,-Map="TASK3.map" -Wl,--gc-sections -static --specs=nano.specs -mfloat-abi=soft -mthumb -Wl,--start-group -lc -lm -Wl,--end-group
Finished building target: TASK3.elf
 
arm-none-eabi-size  TASK3.elf 
arm-none-eabi-objdump -h -S TASK3.elf  > "TASK3.list"
arm-none-eabi-objcopy  -O ihex TASK3.elf  "TASK3.hex"
   text	   data	    bss	    dec	    hex	filename
  11676	     92	   2020	  13788	   35dc	TASK3.elf
Finished building: default.size.stdout
 
Finished building: TASK3.list
 
Finished building: TASK3.hex
 
18:21:09 **** Incremental Build of configuration Debug for project TASK3 ****
make -j16 all 
arm-none-eabi-gcc "../Core/Src/main.c" -mcpu=cortex-m3 -std=gnu11 -g3 -DDEBUG -DUSE_HAL_DRIVER -DSTM32F103x6 -c -I../Core/Inc -I../Drivers/STM32F1xx_HAL_Driver/Inc/Legacy -I../Drivers/STM32F1xx_HAL_Driver/Inc -I../Drivers/CMSIS/Device/ST/STM32F1xx/Include -I../Drivers/CMSIS/Include -O0 -ffunction-sections -fdata-sections -Wall -fstack-usage -fcyclomatic-complexity -MMD -MP -MF"Core/Src/main.d" -MT"Core/Src/main.o" --specs=nano.specs -mfloat-abi=soft -mthumb -o "Core/Src/main.o"
../Core/Src/main.c: In function 'main':
../Core/Src/main.c:113:5: warning: implicit declaration of function 'sprintf' [-Wimplicit-function-declaration]
  113 |     sprintf(msg, "Temp: %d, Throttle: %d\r\n", adc_val[0], adc_val[1]);
      |     ^~~~~~~
../Core/Src/main.c:21:1: note: include '<stdio.h>' or provide a declaration of 'sprintf'
   20 | #include "main.h"
  +++ |+#include <stdio.h>
   21 | 
../Core/Src/main.c:113:5: warning: incompatible implicit declaration of built-in function 'sprintf' [-Wbuiltin-declaration-mismatch]
  113 |     sprintf(msg, "Temp: %d, Throttle: %d\r\n", adc_val[0], adc_val[1]);
      |     ^~~~~~~
../Core/Src/main.c:113:5: note: include '<stdio.h>' or provide a declaration of 'sprintf'
../Core/Src/main.c:113:26: warning: format '%d' expects argument of type 'int', but argument 3 has type 'uint32_t' {aka 'long unsigned int'} [-Wformat=]
  113 |     sprintf(msg, "Temp: %d, Throttle: %d\r\n", adc_val[0], adc_val[1]);
      |                         ~^                     ~~~~~~~~~~
      |                          |                            |
      |                          int                          uint32_t {aka long unsigned int}
      |                         %ld
../Core/Src/main.c:113:40: warning: format '%d' expects argument of type 'int', but argument 4 has type 'uint32_t' {aka 'long unsigned int'} [-Wformat=]
  113 |     sprintf(msg, "Temp: %d, Throttle: %d\r\n", adc_val[0], adc_val[1]);
      |                                       ~^                   ~~~~~~~~~~
      |                                        |                          |
      |                                        int                        uint32_t {aka long unsigned int}
      |                                       %ld
../Core/Src/main.c:114:50: warning: implicit declaration of function 'strlen' [-Wimplicit-function-declaration]
  114 |     HAL_UART_Transmit(&huart1 , (uint32_t*)msg , strlen(msg) , 100);
      |                                                  ^~~~~~
../Core/Src/main.c:21:1: note: include '<string.h>' or provide a declaration of 'strlen'
   20 | #include "main.h"
  +++ |+#include <string.h>
   21 | 
../Core/Src/main.c:114:50: warning: incompatible implicit declaration of built-in function 'strlen' [-Wbuiltin-declaration-mismatch]
  114 |     HAL_UART_Transmit(&huart1 , (uint32_t*)msg , strlen(msg) , 100);
      |                                                  ^~~~~~
../Core/Src/main.c:114:50: note: include '<string.h>' or provide a declaration of 'strlen'
../Core/Src/main.c:114:33: warning: passing argument 2 of 'HAL_UART_Transmit' from incompatible pointer type [-Wincompatible-pointer-types]
  114 |     HAL_UART_Transmit(&huart1 , (uint32_t*)msg , strlen(msg) , 100);
      |                                 ^~~~~~~~~~~~~~
      |                                 |
      |                                 uint32_t * {aka long unsigned int *}
In file included from ../Core/Inc/stm32f1xx_hal_conf.h:338,
                 from ../Drivers/STM32F1xx_HAL_Driver/Inc/stm32f1xx_hal.h:29,
                 from ../Core/Inc/main.h:30,
                 from ../Core/Src/main.c:20:
../Drivers/STM32F1xx_HAL_Driver/Inc/stm32f1xx_hal_uart.h:749:79: note: expected 'const uint8_t *' {aka 'const unsigned char *'} but argument is of type 'uint32_t *' {aka 'long unsigned int *'}
  749 | HAL_StatusTypeDef HAL_UART_Transmit(UART_HandleTypeDef *huart, const uint8_t *pData, uint16_t Size, uint32_t Timeout);
      |                                                                ~~~~~~~~~~~~~~~^~~~~
arm-none-eabi-gcc -o "TASK3.elf" @"objects.list"   -mcpu=cortex-m3 -T"E:\embedded\stm32\STM_IDE_path\STM_projects\TASK3\STM32F103C6TX_FLASH.ld" --specs=nosys.specs -Wl,-Map="TASK3.map" -Wl,--gc-sections -static --specs=nano.specs -mfloat-abi=soft -mthumb -Wl,--start-group -lc -lm -Wl,--end-group
Finished building target: TASK3.elf
 
arm-none-eabi-size  TASK3.elf 
arm-none-eabi-objdump -h -S TASK3.elf  > "TASK3.list"
arm-none-eabi-objcopy  -O ihex TASK3.elf  "TASK3.hex"
   text	   data	    bss	    dec	    hex	filename
  11664	     92	   2020	  13776	   35d0	TASK3.elf
Finished building: default.size.stdout
 
Finished building: TASK3.hex
 
Finished building: TASK3.list
 
18:23:44 **** Incremental Build of configuration Debug for project TASK3 ****
make -j16 all 
arm-none-eabi-gcc "../Core/Src/main.c" -mcpu=cortex-m3 -std=gnu11 -g3 -DDEBUG -DUSE_HAL_DRIVER -DSTM32F103x6 -c -I../Core/Inc -I../Drivers/STM32F1xx_HAL_Driver/Inc/Legacy -I../Drivers/STM32F1xx_HAL_Driver/Inc -I../Drivers/CMSIS/Device/ST/STM32F1xx/Include -I../Drivers/CMSIS/Include -O0 -ffunction-sections -fdata-sections -Wall -fstack-usage -fcyclomatic-complexity -MMD -MP -MF"Core/Src/main.d" -MT"Core/Src/main.o" --specs=nano.specs -mfloat-abi=soft -mthumb -o "Core/Src/main.o"
../Core/Src/main.c: In function 'main':
../Core/Src/main.c:113:5: warning: implicit declaration of function 'sprintf' [-Wimplicit-function-declaration]
  113 |     sprintf(msg, "Temp: %d, Throttle: %d\r\n", adc_val[0], adc_val[1]);
      |     ^~~~~~~
../Core/Src/main.c:21:1: note: include '<stdio.h>' or provide a declaration of 'sprintf'
   20 | #include "main.h"
  +++ |+#include <stdio.h>
   21 | 
../Core/Src/main.c:113:5: warning: incompatible implicit declaration of built-in function 'sprintf' [-Wbuiltin-declaration-mismatch]
  113 |     sprintf(msg, "Temp: %d, Throttle: %d\r\n", adc_val[0], adc_val[1]);
      |     ^~~~~~~
../Core/Src/main.c:113:5: note: include '<stdio.h>' or provide a declaration of 'sprintf'
../Core/Src/main.c:113:13: warning: pointer targets in passing argument 1 of 'sprintf' differ in signedness [-Wpointer-sign]
  113 |     sprintf(msg, "Temp: %d, Throttle: %d\r\n", adc_val[0], adc_val[1]);
      |             ^~~
      |             |
      |             uint8_t * {aka unsigned char *}
../Core/Src/main.c:113:13: note: expected 'char *' but argument is of type 'uint8_t *' {aka 'unsigned char *'}
../Core/Src/main.c:113:26: warning: format '%d' expects argument of type 'int', but argument 3 has type 'uint32_t' {aka 'long unsigned int'} [-Wformat=]
  113 |     sprintf(msg, "Temp: %d, Throttle: %d\r\n", adc_val[0], adc_val[1]);
      |                         ~^                     ~~~~~~~~~~
      |                          |                            |
      |                          int                          uint32_t {aka long unsigned int}
      |                         %ld
../Core/Src/main.c:113:40: warning: format '%d' expects argument of type 'int', but argument 4 has type 'uint32_t' {aka 'long unsigned int'} [-Wformat=]
  113 |     sprintf(msg, "Temp: %d, Throttle: %d\r\n", adc_val[0], adc_val[1]);
      |                                       ~^                   ~~~~~~~~~~
      |                                        |                          |
      |                                        int                        uint32_t {aka long unsigned int}
      |                                       %ld
../Core/Src/main.c:114:47: warning: implicit declaration of function 'strlen' [-Wimplicit-function-declaration]
  114 |     HAL_UART_Transmit(&huart1, (uint8_t*)msg, strlen(msg), 100);
      |                                               ^~~~~~
../Core/Src/main.c:21:1: note: include '<string.h>' or provide a declaration of 'strlen'
   20 | #include "main.h"
  +++ |+#include <string.h>
   21 | 
../Core/Src/main.c:114:47: warning: incompatible implicit declaration of built-in function 'strlen' [-Wbuiltin-declaration-mismatch]
  114 |     HAL_UART_Transmit(&huart1, (uint8_t*)msg, strlen(msg), 100);
      |                                               ^~~~~~
../Core/Src/main.c:114:47: note: include '<string.h>' or provide a declaration of 'strlen'
../Core/Src/main.c:114:54: warning: pointer targets in passing argument 1 of 'strlen' differ in signedness [-Wpointer-sign]
  114 |     HAL_UART_Transmit(&huart1, (uint8_t*)msg, strlen(msg), 100);
      |                                                      ^~~
      |                                                      |
      |                                                      uint8_t * {aka unsigned char *}
../Core/Src/main.c:114:54: note: expected 'const char *' but argument is of type 'uint8_t *' {aka 'unsigned char *'}
arm-none-eabi-gcc -o "TASK3.elf" @"objects.list"   -mcpu=cortex-m3 -T"E:\embedded\stm32\STM_IDE_path\STM_projects\TASK3\STM32F103C6TX_FLASH.ld" --specs=nosys.specs -Wl,-Map="TASK3.map" -Wl,--gc-sections -static --specs=nano.specs -mfloat-abi=soft -mthumb -Wl,--start-group -lc -lm -Wl,--end-group
Finished building target: TASK3.elf
 
arm-none-eabi-size  TASK3.elf 
arm-none-eabi-objdump -h -S TASK3.elf  > "TASK3.list"
arm-none-eabi-objcopy  -O ihex TASK3.elf  "TASK3.hex"
   text	   data	    bss	    dec	    hex	filename
  11664	     92	   2020	  13776	   35d0	TASK3.elf
Finished building: default.size.stdout
 
Finished building: TASK3.hex
 
Finished building: TASK3.list
 
18:32:23 **** Incremental Build of configuration Debug for project TASK3 ****
make -j16 all 
arm-none-eabi-gcc "../Core/Src/main.c" -mcpu=cortex-m3 -std=gnu11 -g3 -DDEBUG -DUSE_HAL_DRIVER -DSTM32F103x6 -c -I../Core/Inc -I../Drivers/STM32F1xx_HAL_Driver/Inc/Legacy -I../Drivers/STM32F1xx_HAL_Driver/Inc -I../Drivers/CMSIS/Device/ST/STM32F1xx/Include -I../Drivers/CMSIS/Include -O0 -ffunction-sections -fdata-sections -Wall -fstack-usage -fcyclomatic-complexity -MMD -MP -MF"Core/Src/main.d" -MT"Core/Src/main.o" --specs=nano.specs -mfloat-abi=soft -mthumb -o "Core/Src/main.o"
../Core/Src/main.c: In function 'main':
../Core/Src/main.c:99:50: warning: implicit declaration of function 'strlen' [-Wimplicit-function-declaration]
   99 |   HAL_UART_Transmit(&huart1, (uint8_t*)startMsg, strlen(startMsg), HAL_MAX_DELAY);
      |                                                  ^~~~~~
../Core/Src/main.c:21:1: note: include '<string.h>' or provide a declaration of 'strlen'
   20 | #include "main.h"
  +++ |+#include <string.h>
   21 | 
../Core/Src/main.c:99:50: warning: incompatible implicit declaration of built-in function 'strlen' [-Wbuiltin-declaration-mismatch]
   99 |   HAL_UART_Transmit(&huart1, (uint8_t*)startMsg, strlen(startMsg), HAL_MAX_DELAY);
      |                                                  ^~~~~~
../Core/Src/main.c:99:50: note: include '<string.h>' or provide a declaration of 'strlen'
../Core/Src/main.c:116:5: warning: implicit declaration of function 'sprintf' [-Wimplicit-function-declaration]
  116 |     sprintf(msg, "Temp: %d, Throttle: %d\r\n", adc_val[0], adc_val[1]);
      |     ^~~~~~~
../Core/Src/main.c:21:1: note: include '<stdio.h>' or provide a declaration of 'sprintf'
   20 | #include "main.h"
  +++ |+#include <stdio.h>
   21 | 
../Core/Src/main.c:116:5: warning: incompatible implicit declaration of built-in function 'sprintf' [-Wbuiltin-declaration-mismatch]
  116 |     sprintf(msg, "Temp: %d, Throttle: %d\r\n", adc_val[0], adc_val[1]);
      |     ^~~~~~~
../Core/Src/main.c:116:5: note: include '<stdio.h>' or provide a declaration of 'sprintf'
../Core/Src/main.c:116:13: warning: pointer targets in passing argument 1 of 'sprintf' differ in signedness [-Wpointer-sign]
  116 |     sprintf(msg, "Temp: %d, Throttle: %d\r\n", adc_val[0], adc_val[1]);
      |             ^~~
      |             |
      |             uint8_t * {aka unsigned char *}
../Core/Src/main.c:116:13: note: expected 'char *' but argument is of type 'uint8_t *' {aka 'unsigned char *'}
../Core/Src/main.c:116:26: warning: format '%d' expects argument of type 'int', but argument 3 has type 'uint32_t' {aka 'long unsigned int'} [-Wformat=]
  116 |     sprintf(msg, "Temp: %d, Throttle: %d\r\n", adc_val[0], adc_val[1]);
      |                         ~^                     ~~~~~~~~~~
      |                          |                            |
      |                          int                          uint32_t {aka long unsigned int}
      |                         %ld
../Core/Src/main.c:116:40: warning: format '%d' expects argument of type 'int', but argument 4 has type 'uint32_t' {aka 'long unsigned int'} [-Wformat=]
  116 |     sprintf(msg, "Temp: %d, Throttle: %d\r\n", adc_val[0], adc_val[1]);
      |                                       ~^                   ~~~~~~~~~~
      |                                        |                          |
      |                                        int                        uint32_t {aka long unsigned int}
      |                                       %ld
../Core/Src/main.c:117:54: warning: pointer targets in passing argument 1 of 'strlen' differ in signedness [-Wpointer-sign]
  117 |     HAL_UART_Transmit(&huart1, (uint8_t*)msg, strlen(msg), 100);
      |                                                      ^~~
      |                                                      |
      |                                                      uint8_t * {aka unsigned char *}
../Core/Src/main.c:117:54: note: expected 'const char *' but argument is of type 'uint8_t *' {aka 'unsigned char *'}
arm-none-eabi-gcc -o "TASK3.elf" @"objects.list"   -mcpu=cortex-m3 -T"E:\embedded\stm32\STM_IDE_path\STM_projects\TASK3\STM32F103C6TX_FLASH.ld" --specs=nosys.specs -Wl,-Map="TASK3.map" -Wl,--gc-sections -static --specs=nano.specs -mfloat-abi=soft -mthumb -Wl,--start-group -lc -lm -Wl,--end-group
Finished building target: TASK3.elf
 
arm-none-eabi-size  TASK3.elf 
arm-none-eabi-objdump -h -S TASK3.elf  > "TASK3.list"
arm-none-eabi-objcopy  -O ihex TASK3.elf  "TASK3.hex"
   text	   data	    bss	    dec	    hex	filename
  11724	     92	   2020	  13836	   360c	TASK3.elf
Finished building: default.size.stdout
 
Finished building: TASK3.hex
 
Finished building: TASK3.list
 
18:34:08 **** Incremental Build of configuration Debug for project TASK3 ****
make -j16 all 
arm-none-eabi-gcc "../Core/Src/main.c" -mcpu=cortex-m3 -std=gnu11 -g3 -DDEBUG -DUSE_HAL_DRIVER -DSTM32F103x6 -c -I../Core/Inc -I../Drivers/STM32F1xx_HAL_Driver/Inc/Legacy -I../Drivers/STM32F1xx_HAL_Driver/Inc -I../Drivers/CMSIS/Device/ST/STM32F1xx/Include -I../Drivers/CMSIS/Include -O0 -ffunction-sections -fdata-sections -Wall -fstack-usage -fcyclomatic-complexity -MMD -MP -MF"Core/Src/main.d" -MT"Core/Src/main.o" --specs=nano.specs -mfloat-abi=soft -mthumb -o "Core/Src/main.o"
../Core/Src/main.c: In function 'main':
../Core/Src/main.c:117:5: warning: implicit declaration of function 'sprintf' [-Wimplicit-function-declaration]
  117 |     sprintf(msg, "Temp: %d, Throttle: %d\r\n", adc_val[0], adc_val[1]);
      |     ^~~~~~~
../Core/Src/main.c:22:1: note: include '<stdio.h>' or provide a declaration of 'sprintf'
   21 | #include <string.h>
  +++ |+#include <stdio.h>
   22 | 
../Core/Src/main.c:117:5: warning: incompatible implicit declaration of built-in function 'sprintf' [-Wbuiltin-declaration-mismatch]
  117 |     sprintf(msg, "Temp: %d, Throttle: %d\r\n", adc_val[0], adc_val[1]);
      |     ^~~~~~~
../Core/Src/main.c:117:5: note: include '<stdio.h>' or provide a declaration of 'sprintf'
../Core/Src/main.c:117:13: warning: pointer targets in passing argument 1 of 'sprintf' differ in signedness [-Wpointer-sign]
  117 |     sprintf(msg, "Temp: %d, Throttle: %d\r\n", adc_val[0], adc_val[1]);
      |             ^~~
      |             |
      |             uint8_t * {aka unsigned char *}
../Core/Src/main.c:117:13: note: expected 'char *' but argument is of type 'uint8_t *' {aka 'unsigned char *'}
../Core/Src/main.c:117:26: warning: format '%d' expects argument of type 'int', but argument 3 has type 'uint32_t' {aka 'long unsigned int'} [-Wformat=]
  117 |     sprintf(msg, "Temp: %d, Throttle: %d\r\n", adc_val[0], adc_val[1]);
      |                         ~^                     ~~~~~~~~~~
      |                          |                            |
      |                          int                          uint32_t {aka long unsigned int}
      |                         %ld
../Core/Src/main.c:117:40: warning: format '%d' expects argument of type 'int', but argument 4 has type 'uint32_t' {aka 'long unsigned int'} [-Wformat=]
  117 |     sprintf(msg, "Temp: %d, Throttle: %d\r\n", adc_val[0], adc_val[1]);
      |                                       ~^                   ~~~~~~~~~~
      |                                        |                          |
      |                                        int                        uint32_t {aka long unsigned int}
      |                                       %ld
../Core/Src/main.c:118:54: warning: pointer targets in passing argument 1 of 'strlen' differ in signedness [-Wpointer-sign]
  118 |     HAL_UART_Transmit(&huart1, (uint8_t*)msg, strlen(msg), 100);
      |                                                      ^~~
      |                                                      |
      |                                                      uint8_t * {aka unsigned char *}
In file included from ../Core/Src/main.c:21:
E:\embedded\stm32\New folder\STM32CubeIDE\plugins\com.st.stm32cube.ide.mcu.externaltools.gnu-tools-for-stm32.13.3.rel1.win32_1.0.0.202411081344\tools\bin/../lib/gcc/arm-none-eabi/13.3.1/../../../../arm-none-eabi/include/string.h:41:18: note: expected 'const char *' but argument is of type 'uint8_t *' {aka 'unsigned char *'}
   41 | size_t   strlen (const char *);
      |                  ^~~~~~~~~~~~
arm-none-eabi-gcc -o "TASK3.elf" @"objects.list"   -mcpu=cortex-m3 -T"E:\embedded\stm32\STM_IDE_path\STM_projects\TASK3\STM32F103C6TX_FLASH.ld" --specs=nosys.specs -Wl,-Map="TASK3.map" -Wl,--gc-sections -static --specs=nano.specs -mfloat-abi=soft -mthumb -Wl,--start-group -lc -lm -Wl,--end-group
Finished building target: TASK3.elf
 
arm-none-eabi-size  TASK3.elf 
arm-none-eabi-objdump -h -S TASK3.elf  > "TASK3.list"
arm-none-eabi-objcopy  -O ihex TASK3.elf  "TASK3.hex"
   text	   data	    bss	    dec	    hex	filename
  11724	     92	   2020	  13836	   360c	TASK3.elf
Finished building: default.size.stdout
 
Finished building: TASK3.hex
 
Finished building: TASK3.list
 
18:34:18 **** Incremental Build of configuration Debug for project TASK3 ****
make -j16 all 
arm-none-eabi-size  TASK3.elf 
   text	   data	    bss	    dec	    hex	filename
  11724	     92	   2020	  13836	   360c	TASK3.elf
Finished building: default.size.stdout
 
18:35:41 **** Incremental Build of configuration Debug for project TASK3 ****
make -j16 all 
arm-none-eabi-gcc "../Core/Src/main.c" -mcpu=cortex-m3 -std=gnu11 -g3 -DDEBUG -DUSE_HAL_DRIVER -DSTM32F103x6 -c -I../Core/Inc -I../Drivers/STM32F1xx_HAL_Driver/Inc/Legacy -I../Drivers/STM32F1xx_HAL_Driver/Inc -I../Drivers/CMSIS/Device/ST/STM32F1xx/Include -I../Drivers/CMSIS/Include -O0 -ffunction-sections -fdata-sections -Wall -fstack-usage -fcyclomatic-complexity -MMD -MP -MF"Core/Src/main.d" -MT"Core/Src/main.o" --specs=nano.specs -mfloat-abi=soft -mthumb -o "Core/Src/main.o"
../Core/Src/main.c: In function 'main':
../Core/Src/main.c:119:5: warning: implicit declaration of function 'sprintf' [-Wimplicit-function-declaration]
  119 |     sprintf(msg, "Temp: %d, Throttle: %d\r\n", adc_val[0], adc_val[1]);
      |     ^~~~~~~
../Core/Src/main.c:22:1: note: include '<stdio.h>' or provide a declaration of 'sprintf'
   21 | #include <string.h>
  +++ |+#include <stdio.h>
   22 | 
../Core/Src/main.c:119:5: warning: incompatible implicit declaration of built-in function 'sprintf' [-Wbuiltin-declaration-mismatch]
  119 |     sprintf(msg, "Temp: %d, Throttle: %d\r\n", adc_val[0], adc_val[1]);
      |     ^~~~~~~
../Core/Src/main.c:119:5: note: include '<stdio.h>' or provide a declaration of 'sprintf'
../Core/Src/main.c:119:13: warning: pointer targets in passing argument 1 of 'sprintf' differ in signedness [-Wpointer-sign]
  119 |     sprintf(msg, "Temp: %d, Throttle: %d\r\n", adc_val[0], adc_val[1]);
      |             ^~~
      |             |
      |             uint8_t * {aka unsigned char *}
../Core/Src/main.c:119:13: note: expected 'char *' but argument is of type 'uint8_t *' {aka 'unsigned char *'}
../Core/Src/main.c:119:26: warning: format '%d' expects argument of type 'int', but argument 3 has type 'uint32_t' {aka 'long unsigned int'} [-Wformat=]
  119 |     sprintf(msg, "Temp: %d, Throttle: %d\r\n", adc_val[0], adc_val[1]);
      |                         ~^                     ~~~~~~~~~~
      |                          |                            |
      |                          int                          uint32_t {aka long unsigned int}
      |                         %ld
../Core/Src/main.c:119:40: warning: format '%d' expects argument of type 'int', but argument 4 has type 'uint32_t' {aka 'long unsigned int'} [-Wformat=]
  119 |     sprintf(msg, "Temp: %d, Throttle: %d\r\n", adc_val[0], adc_val[1]);
      |                                       ~^                   ~~~~~~~~~~
      |                                        |                          |
      |                                        int                        uint32_t {aka long unsigned int}
      |                                       %ld
../Core/Src/main.c:120:54: warning: pointer targets in passing argument 1 of 'strlen' differ in signedness [-Wpointer-sign]
  120 |     HAL_UART_Transmit(&huart1, (uint8_t*)msg, strlen(msg), 100);
      |                                                      ^~~
      |                                                      |
      |                                                      uint8_t * {aka unsigned char *}
In file included from ../Core/Src/main.c:21:
E:\embedded\stm32\New folder\STM32CubeIDE\plugins\com.st.stm32cube.ide.mcu.externaltools.gnu-tools-for-stm32.13.3.rel1.win32_1.0.0.202411081344\tools\bin/../lib/gcc/arm-none-eabi/13.3.1/../../../../arm-none-eabi/include/string.h:41:18: note: expected 'const char *' but argument is of type 'uint8_t *' {aka 'unsigned char *'}
   41 | size_t   strlen (const char *);
      |                  ^~~~~~~~~~~~
arm-none-eabi-gcc -o "TASK3.elf" @"objects.list"   -mcpu=cortex-m3 -T"E:\embedded\stm32\STM_IDE_path\STM_projects\TASK3\STM32F103C6TX_FLASH.ld" --specs=nosys.specs -Wl,-Map="TASK3.map" -Wl,--gc-sections -static --specs=nano.specs -mfloat-abi=soft -mthumb -Wl,--start-group -lc -lm -Wl,--end-group
Finished building target: TASK3.elf
 
arm-none-eabi-size  TASK3.elf 
arm-none-eabi-objdump -h -S TASK3.elf  > "TASK3.list"
arm-none-eabi-objcopy  -O ihex TASK3.elf  "TASK3.hex"
   text	   data	    bss	    dec	    hex	filename
  11804	     92	   2020	  13916	   365c	TASK3.elf
Finished building: default.size.stdout
 
Finished building: TASK3.hex
 
Finished building: TASK3.list
 
18:39:59 **** Incremental Build of configuration Debug for project TASK3 ****
make -j16 all 
arm-none-eabi-gcc "../Core/Src/main.c" -mcpu=cortex-m3 -std=gnu11 -g3 -DDEBUG -DUSE_HAL_DRIVER -DSTM32F103x6 -c -I../Core/Inc -I../Drivers/STM32F1xx_HAL_Driver/Inc/Legacy -I../Drivers/STM32F1xx_HAL_Driver/Inc -I../Drivers/CMSIS/Device/ST/STM32F1xx/Include -I../Drivers/CMSIS/Include -O0 -ffunction-sections -fdata-sections -Wall -fstack-usage -fcyclomatic-complexity -MMD -MP -MF"Core/Src/main.d" -MT"Core/Src/main.o" --specs=nano.specs -mfloat-abi=soft -mthumb -o "Core/Src/main.o"
../Core/Src/main.c: In function 'main':
../Core/Src/main.c:97:12: warning: unused variable 'adc_val' [-Wunused-variable]
   97 |   uint32_t adc_val[2];
      |            ^~~~~~~
arm-none-eabi-gcc -o "TASK3.elf" @"objects.list"   -mcpu=cortex-m3 -T"E:\embedded\stm32\STM_IDE_path\STM_projects\TASK3\STM32F103C6TX_FLASH.ld" --specs=nosys.specs -Wl,-Map="TASK3.map" -Wl,--gc-sections -static --specs=nano.specs -mfloat-abi=soft -mthumb -Wl,--start-group -lc -lm -Wl,--end-group
Finished building target: TASK3.elf
 
arm-none-eabi-size  TASK3.elf 
arm-none-eabi-objdump -h -S TASK3.elf  > "TASK3.list"
arm-none-eabi-objcopy  -O ihex TASK3.elf  "TASK3.hex"
   text	   data	    bss	    dec	    hex	filename
   7632	     12	   1692	   9336	   2478	TASK3.elf
Finished building: default.size.stdout
 
Finished building: TASK3.hex
 
Finished building: TASK3.list
 
18:41:23 **** Incremental Build of configuration Debug for project TASK3 ****
make -j16 all 
arm-none-eabi-gcc "../Core/Src/main.c" -mcpu=cortex-m3 -std=gnu11 -g3 -DDEBUG -DUSE_HAL_DRIVER -DSTM32F103x6 -c -I../Core/Inc -I../Drivers/STM32F1xx_HAL_Driver/Inc/Legacy -I../Drivers/STM32F1xx_HAL_Driver/Inc -I../Drivers/CMSIS/Device/ST/STM32F1xx/Include -I../Drivers/CMSIS/Include -O0 -ffunction-sections -fdata-sections -Wall -fstack-usage -fcyclomatic-complexity -MMD -MP -MF"Core/Src/main.d" -MT"Core/Src/main.o" --specs=nano.specs -mfloat-abi=soft -mthumb -o "Core/Src/main.o"
../Core/Src/main.c: In function 'main':
../Core/Src/main.c:105:37: warning: implicit declaration of function 'strlen' [-Wimplicit-function-declaration]
  105 |     HAL_UART_Transmit(&huart1, msg, strlen((char*)msg), HAL_MAX_DELAY);
      |                                     ^~~~~~
../Core/Src/main.c:21:1: note: include '<string.h>' or provide a declaration of 'strlen'
   20 | #include "main.h"
  +++ |+#include <string.h>
   21 | 
../Core/Src/main.c:105:37: warning: incompatible implicit declaration of built-in function 'strlen' [-Wbuiltin-declaration-mismatch]
  105 |     HAL_UART_Transmit(&huart1, msg, strlen((char*)msg), HAL_MAX_DELAY);
      |                                     ^~~~~~
../Core/Src/main.c:105:37: note: include '<string.h>' or provide a declaration of 'strlen'
../Core/Src/main.c:97:12: warning: unused variable 'adc_val' [-Wunused-variable]
   97 |   uint32_t adc_val[2];
      |            ^~~~~~~
arm-none-eabi-gcc -o "TASK3.elf" @"objects.list"   -mcpu=cortex-m3 -T"E:\embedded\stm32\STM_IDE_path\STM_projects\TASK3\STM32F103C6TX_FLASH.ld" --specs=nosys.specs -Wl,-Map="TASK3.map" -Wl,--gc-sections -static --specs=nano.specs -mfloat-abi=soft -mthumb -Wl,--start-group -lc -lm -Wl,--end-group
Finished building target: TASK3.elf
 
arm-none-eabi-size  TASK3.elf 
arm-none-eabi-objdump -h -S TASK3.elf  > "TASK3.list"
arm-none-eabi-objcopy  -O ihex TASK3.elf  "TASK3.hex"
   text	   data	    bss	    dec	    hex	filename
   7668	     12	   1692	   9372	   249c	TASK3.elf
Finished building: default.size.stdout
 
Finished building: TASK3.hex
 
Finished building: TASK3.list
 
18:41:26 **** Incremental Build of configuration Debug for project TASK3 ****
make -j16 all 
arm-none-eabi-size  TASK3.elf 
   text	   data	    bss	    dec	    hex	filename
   7668	     12	   1692	   9372	   249c	TASK3.elf
Finished building: default.size.stdout
 
18:47:44 **** Incremental Build of configuration Debug for project TASK3 ****
make -j16 all 
arm-none-eabi-gcc "../Core/Src/main.c" -mcpu=cortex-m3 -std=gnu11 -g3 -DDEBUG -DUSE_HAL_DRIVER -DSTM32F103x6 -c -I../Core/Inc -I../Drivers/STM32F1xx_HAL_Driver/Inc/Legacy -I../Drivers/STM32F1xx_HAL_Driver/Inc -I../Drivers/CMSIS/Device/ST/STM32F1xx/Include -I../Drivers/CMSIS/Include -O0 -ffunction-sections -fdata-sections -Wall -fstack-usage -fcyclomatic-complexity -MMD -MP -MF"Core/Src/main.d" -MT"Core/Src/main.o" --specs=nano.specs -mfloat-abi=soft -mthumb -o "Core/Src/main.o"
../Core/Src/main.c: In function 'main':
../Core/Src/main.c:99:17: error: expected ';' before 'while'
   99 |   HAL_Delay(100)
      |                 ^
      |                 ;
......
  104 |   while (1)
      |   ~~~~~          
../Core/Src/main.c:98:11: warning: unused variable 'msg' [-Wunused-variable]
   98 |   uint8_t msg[] = "start\r\n";  // Remove size, let compiler calculate
      |           ^~~
../Core/Src/main.c:97:12: warning: unused variable 'adc_val' [-Wunused-variable]
   97 |   uint32_t adc_val[2];
      |            ^~~~~~~
make: *** [Core/Src/subdir.mk:34: Core/Src/main.o] Error 1
"make -j16 all" terminated with exit code 2. Build might be incomplete.
18:48:03 **** Incremental Build of configuration Debug for project TASK3 ****
make -j16 all 
arm-none-eabi-gcc "../Core/Src/main.c" -mcpu=cortex-m3 -std=gnu11 -g3 -DDEBUG -DUSE_HAL_DRIVER -DSTM32F103x6 -c -I../Core/Inc -I../Drivers/STM32F1xx_HAL_Driver/Inc/Legacy -I../Drivers/STM32F1xx_HAL_Driver/Inc -I../Drivers/CMSIS/Device/ST/STM32F1xx/Include -I../Drivers/CMSIS/Include -O0 -ffunction-sections -fdata-sections -Wall -fstack-usage -fcyclomatic-complexity -MMD -MP -MF"Core/Src/main.d" -MT"Core/Src/main.o" --specs=nano.specs -mfloat-abi=soft -mthumb -o "Core/Src/main.o"
../Core/Src/main.c: In function 'main':
../Core/Src/main.c:97:12: warning: unused variable 'adc_val' [-Wunused-variable]
   97 |   uint32_t adc_val[2];
      |            ^~~~~~~
arm-none-eabi-gcc -o "TASK3.elf" @"objects.list"   -mcpu=cortex-m3 -T"E:\embedded\stm32\STM_IDE_path\STM_projects\TASK3\STM32F103C6TX_FLASH.ld" --specs=nosys.specs -Wl,-Map="TASK3.map" -Wl,--gc-sections -static --specs=nano.specs -mfloat-abi=soft -mthumb -Wl,--start-group -lc -lm -Wl,--end-group
Finished building target: TASK3.elf
 
arm-none-eabi-size  TASK3.elf 
arm-none-eabi-objdump -h -S TASK3.elf  > "TASK3.list"
arm-none-eabi-objcopy  -O ihex TASK3.elf  "TASK3.hex"
   text	   data	    bss	    dec	    hex	filename
   7640	     12	   1692	   9344	   2480	TASK3.elf
Finished building: default.size.stdout
 
Finished building: TASK3.hex
 
Finished building: TASK3.list
 
18:55:12 **** Incremental Build of configuration Debug for project TASK3 ****
make -j16 all 
arm-none-eabi-gcc "../Core/Src/main.c" -mcpu=cortex-m3 -std=gnu11 -g3 -DDEBUG -DUSE_HAL_DRIVER -DSTM32F103x6 -c -I../Core/Inc -I../Drivers/STM32F1xx_HAL_Driver/Inc/Legacy -I../Drivers/STM32F1xx_HAL_Driver/Inc -I../Drivers/CMSIS/Device/ST/STM32F1xx/Include -I../Drivers/CMSIS/Include -O0 -ffunction-sections -fdata-sections -Wall -fstack-usage -fcyclomatic-complexity -MMD -MP -MF"Core/Src/main.d" -MT"Core/Src/main.o" --specs=nano.specs -mfloat-abi=soft -mthumb -o "Core/Src/main.o"
../Core/Src/main.c: In function 'main':
../Core/Src/main.c:97:12: warning: unused variable 'adc_val' [-Wunused-variable]
   97 |   uint32_t adc_val[2];
      |            ^~~~~~~
arm-none-eabi-gcc -o "TASK3.elf" @"objects.list"   -mcpu=cortex-m3 -T"E:\embedded\stm32\STM_IDE_path\STM_projects\TASK3\STM32F103C6TX_FLASH.ld" --specs=nosys.specs -Wl,-Map="TASK3.map" -Wl,--gc-sections -static --specs=nano.specs -mfloat-abi=soft -mthumb -Wl,--start-group -lc -lm -Wl,--end-group
Finished building target: TASK3.elf
 
arm-none-eabi-size  TASK3.elf 
arm-none-eabi-objdump -h -S TASK3.elf  > "TASK3.list"
   text	   data	    bss	    dec	    hex	filename
   7640	     12	   1692	   9344	   2480	TASK3.elf
arm-none-eabi-objcopy  -O ihex TASK3.elf  "TASK3.hex"
Finished building: default.size.stdout
 
Finished building: TASK3.hex
 
Finished building: TASK3.list
 
18:59:48 **** Incremental Build of configuration Debug for project TASK3 ****
make -j16 all 
arm-none-eabi-gcc "../Core/Src/main.c" -mcpu=cortex-m3 -std=gnu11 -g3 -DDEBUG -DUSE_HAL_DRIVER -DSTM32F103x6 -c -I../Core/Inc -I../Drivers/STM32F1xx_HAL_Driver/Inc/Legacy -I../Drivers/STM32F1xx_HAL_Driver/Inc -I../Drivers/CMSIS/Device/ST/STM32F1xx/Include -I../Drivers/CMSIS/Include -O0 -ffunction-sections -fdata-sections -Wall -fstack-usage -fcyclomatic-complexity -MMD -MP -MF"Core/Src/main.d" -MT"Core/Src/main.o" --specs=nano.specs -mfloat-abi=soft -mthumb -o "Core/Src/main.o"
arm-none-eabi-gcc "../Core/Src/stm32f1xx_hal_msp.c" -mcpu=cortex-m3 -std=gnu11 -g3 -DDEBUG -DUSE_HAL_DRIVER -DSTM32F103x6 -c -I../Core/Inc -I../Drivers/STM32F1xx_HAL_Driver/Inc/Legacy -I../Drivers/STM32F1xx_HAL_Driver/Inc -I../Drivers/CMSIS/Device/ST/STM32F1xx/Include -I../Drivers/CMSIS/Include -O0 -ffunction-sections -fdata-sections -Wall -fstack-usage -fcyclomatic-complexity -MMD -MP -MF"Core/Src/stm32f1xx_hal_msp.d" -MT"Core/Src/stm32f1xx_hal_msp.o" --specs=nano.specs -mfloat-abi=soft -mthumb -o "Core/Src/stm32f1xx_hal_msp.o"
../Core/Src/main.c: In function 'main':
../Core/Src/main.c:97:12: warning: unused variable 'adc_val' [-Wunused-variable]
   97 |   uint32_t adc_val[2];
      |            ^~~~~~~
arm-none-eabi-gcc -o "TASK3.elf" @"objects.list"   -mcpu=cortex-m3 -T"E:\embedded\stm32\STM_IDE_path\STM_projects\TASK3\STM32F103C6TX_FLASH.ld" --specs=nosys.specs -Wl,-Map="TASK3.map" -Wl,--gc-sections -static --specs=nano.specs -mfloat-abi=soft -mthumb -Wl,--start-group -lc -lm -Wl,--end-group
Finished building target: TASK3.elf
 
arm-none-eabi-size  TASK3.elf 
arm-none-eabi-objdump -h -S TASK3.elf  > "TASK3.list"
   text	   data	    bss	    dec	    hex	filename
   7640	     12	   1692	   9344	   2480	TASK3.elf
arm-none-eabi-objcopy  -O ihex TASK3.elf  "TASK3.hex"
Finished building: default.size.stdout
 
Finished building: TASK3.hex
 
Finished building: TASK3.list
 
19:03:57 **** Incremental Build of configuration Debug for project TASK3 ****
make -j16 all 
arm-none-eabi-gcc "../Core/Src/main.c" -mcpu=cortex-m3 -std=gnu11 -g3 -DDEBUG -DUSE_HAL_DRIVER -DSTM32F103x6 -c -I../Core/Inc -I../Drivers/STM32F1xx_HAL_Driver/Inc/Legacy -I../Drivers/STM32F1xx_HAL_Driver/Inc -I../Drivers/CMSIS/Device/ST/STM32F1xx/Include -I../Drivers/CMSIS/Include -O0 -ffunction-sections -fdata-sections -Wall -fstack-usage -fcyclomatic-complexity -MMD -MP -MF"Core/Src/main.d" -MT"Core/Src/main.o" --specs=nano.specs -mfloat-abi=soft -mthumb -o "Core/Src/main.o"
../Core/Src/main.c: In function 'main':
../Core/Src/main.c:116:5: warning: implicit declaration of function 'sprintf' [-Wimplicit-function-declaration]
  116 |     sprintf(msg, "Temp: %lu | Throttle: %lu\r\n", adc_val[0], adc_val[1]);
      |     ^~~~~~~
../Core/Src/main.c:25:1: note: include '<stdio.h>' or provide a declaration of 'sprintf'
   24 | #include <string.h>
  +++ |+#include <stdio.h>
   25 | /* USER CODE END Includes */
../Core/Src/main.c:116:5: warning: incompatible implicit declaration of built-in function 'sprintf' [-Wbuiltin-declaration-mismatch]
  116 |     sprintf(msg, "Temp: %lu | Throttle: %lu\r\n", adc_val[0], adc_val[1]);
      |     ^~~~~~~
../Core/Src/main.c:116:5: note: include '<stdio.h>' or provide a declaration of 'sprintf'
../Core/Src/main.c: At top level:
../Core/Src/main.c:128:1: error: expected identifier or '(' before '}' token
  128 | }
      | ^
make: *** [Core/Src/subdir.mk:34: Core/Src/main.o] Error 1
"make -j16 all" terminated with exit code 2. Build might be incomplete.
19:04:05 **** Incremental Build of configuration Debug for project TASK3 ****
make -j16 all 
arm-none-eabi-gcc "../Core/Src/main.c" -mcpu=cortex-m3 -std=gnu11 -g3 -DDEBUG -DUSE_HAL_DRIVER -DSTM32F103x6 -c -I../Core/Inc -I../Drivers/STM32F1xx_HAL_Driver/Inc/Legacy -I../Drivers/STM32F1xx_HAL_Driver/Inc -I../Drivers/CMSIS/Device/ST/STM32F1xx/Include -I../Drivers/CMSIS/Include -O0 -ffunction-sections -fdata-sections -Wall -fstack-usage -fcyclomatic-complexity -MMD -MP -MF"Core/Src/main.d" -MT"Core/Src/main.o" --specs=nano.specs -mfloat-abi=soft -mthumb -o "Core/Src/main.o"
../Core/Src/main.c: In function 'main':
../Core/Src/main.c:116:5: warning: implicit declaration of function 'sprintf' [-Wimplicit-function-declaration]
  116 |     sprintf(msg, "Temp: %lu | Throttle: %lu\r\n", adc_val[0], adc_val[1]);
      |     ^~~~~~~
../Core/Src/main.c:25:1: note: include '<stdio.h>' or provide a declaration of 'sprintf'
   24 | #include <string.h>
  +++ |+#include <stdio.h>
   25 | /* USER CODE END Includes */
../Core/Src/main.c:116:5: warning: incompatible implicit declaration of built-in function 'sprintf' [-Wbuiltin-declaration-mismatch]
  116 |     sprintf(msg, "Temp: %lu | Throttle: %lu\r\n", adc_val[0], adc_val[1]);
      |     ^~~~~~~
../Core/Src/main.c:116:5: note: include '<stdio.h>' or provide a declaration of 'sprintf'
arm-none-eabi-gcc -o "TASK3.elf" @"objects.list"   -mcpu=cortex-m3 -T"E:\embedded\stm32\STM_IDE_path\STM_projects\TASK3\STM32F103C6TX_FLASH.ld" --specs=nosys.specs -Wl,-Map="TASK3.map" -Wl,--gc-sections -static --specs=nano.specs -mfloat-abi=soft -mthumb -Wl,--start-group -lc -lm -Wl,--end-group
Finished building target: TASK3.elf
 
arm-none-eabi-size  TASK3.elf 
arm-none-eabi-objdump -h -S TASK3.elf  > "TASK3.list"
   text	   data	    bss	    dec	    hex	filename
  11668	     92	   2020	  13780	   35d4	TASK3.elf
arm-none-eabi-objcopy  -O ihex TASK3.elf  "TASK3.hex"
Finished building: default.size.stdout
 
Finished building: TASK3.hex
 
Finished building: TASK3.list
 
19:05:58 **** Incremental Build of configuration Debug for project TASK3 ****
make -j16 all 
arm-none-eabi-gcc "../Core/Src/main.c" -mcpu=cortex-m3 -std=gnu11 -g3 -DDEBUG -DUSE_HAL_DRIVER -DSTM32F103x6 -c -I../Core/Inc -I../Drivers/STM32F1xx_HAL_Driver/Inc/Legacy -I../Drivers/STM32F1xx_HAL_Driver/Inc -I../Drivers/CMSIS/Device/ST/STM32F1xx/Include -I../Drivers/CMSIS/Include -O0 -ffunction-sections -fdata-sections -Wall -fstack-usage -fcyclomatic-complexity -MMD -MP -MF"Core/Src/main.d" -MT"Core/Src/main.o" --specs=nano.specs -mfloat-abi=soft -mthumb -o "Core/Src/main.o"
../Core/Src/main.c: In function 'main':
../Core/Src/main.c:118:5: warning: implicit declaration of function 'sprintf' [-Wimplicit-function-declaration]
  118 |     sprintf(msg, "Temp: %lu | Throttle: %lu\r\n", adc_val[0], adc_val[1]);
      |     ^~~~~~~
../Core/Src/main.c:25:1: note: include '<stdio.h>' or provide a declaration of 'sprintf'
   24 | #include <string.h>
  +++ |+#include <stdio.h>
   25 | /* USER CODE END Includes */
../Core/Src/main.c:118:5: warning: incompatible implicit declaration of built-in function 'sprintf' [-Wbuiltin-declaration-mismatch]
  118 |     sprintf(msg, "Temp: %lu | Throttle: %lu\r\n", adc_val[0], adc_val[1]);
      |     ^~~~~~~
../Core/Src/main.c:118:5: note: include '<stdio.h>' or provide a declaration of 'sprintf'
arm-none-eabi-gcc -o "TASK3.elf" @"objects.list"   -mcpu=cortex-m3 -T"E:\embedded\stm32\STM_IDE_path\STM_projects\TASK3\STM32F103C6TX_FLASH.ld" --specs=nosys.specs -Wl,-Map="TASK3.map" -Wl,--gc-sections -static --specs=nano.specs -mfloat-abi=soft -mthumb -Wl,--start-group -lc -lm -Wl,--end-group
Finished building target: TASK3.elf
 
arm-none-eabi-size  TASK3.elf 
arm-none-eabi-objdump -h -S TASK3.elf  > "TASK3.list"
arm-none-eabi-objcopy  -O ihex TASK3.elf  "TASK3.hex"
   text	   data	    bss	    dec	    hex	filename
  11712	     92	   2020	  13824	   3600	TASK3.elf
Finished building: default.size.stdout
 
Finished building: TASK3.hex
 
Finished building: TASK3.list
 
19:19:13 **** Incremental Build of configuration Debug for project TASK3 ****
make -j16 all 
arm-none-eabi-gcc "../Core/Src/main.c" -mcpu=cortex-m3 -std=gnu11 -g3 -DDEBUG -DUSE_HAL_DRIVER -DSTM32F103x6 -c -I../Core/Inc -I../Drivers/STM32F1xx_HAL_Driver/Inc/Legacy -I../Drivers/STM32F1xx_HAL_Driver/Inc -I../Drivers/CMSIS/Device/ST/STM32F1xx/Include -I../Drivers/CMSIS/Include -O0 -ffunction-sections -fdata-sections -Wall -fstack-usage -fcyclomatic-complexity -MMD -MP -MF"Core/Src/main.d" -MT"Core/Src/main.o" --specs=nano.specs -mfloat-abi=soft -mthumb -o "Core/Src/main.o"
../Core/Src/main.c: In function 'main':
../Core/Src/main.c:118:5: warning: implicit declaration of function 'sprintf' [-Wimplicit-function-declaration]
  118 |     sprintf(msg, "Temp: %lu | Throttle: %lu\r\n", adc_val[0], adc_val[1]);
      |     ^~~~~~~
../Core/Src/main.c:25:1: note: include '<stdio.h>' or provide a declaration of 'sprintf'
   24 | #include <string.h>
  +++ |+#include <stdio.h>
   25 | /* USER CODE END Includes */
../Core/Src/main.c:118:5: warning: incompatible implicit declaration of built-in function 'sprintf' [-Wbuiltin-declaration-mismatch]
  118 |     sprintf(msg, "Temp: %lu | Throttle: %lu\r\n", adc_val[0], adc_val[1]);
      |     ^~~~~~~
../Core/Src/main.c:118:5: note: include '<stdio.h>' or provide a declaration of 'sprintf'
arm-none-eabi-gcc -o "TASK3.elf" @"objects.list"   -mcpu=cortex-m3 -T"E:\embedded\stm32\STM_IDE_path\STM_projects\TASK3\STM32F103C6TX_FLASH.ld" --specs=nosys.specs -Wl,-Map="TASK3.map" -Wl,--gc-sections -static --specs=nano.specs -mfloat-abi=soft -mthumb -Wl,--start-group -lc -lm -Wl,--end-group
Finished building target: TASK3.elf
 
arm-none-eabi-size  TASK3.elf 
arm-none-eabi-objdump -h -S TASK3.elf  > "TASK3.list"
arm-none-eabi-objcopy  -O ihex TASK3.elf  "TASK3.hex"
   text	   data	    bss	    dec	    hex	filename
  11744	     92	   2020	  13856	   3620	TASK3.elf
Finished building: default.size.stdout
 
Finished building: TASK3.hex
 
Finished building: TASK3.list
 
19:22:02 **** Incremental Build of configuration Debug for project TASK3 ****
make -j16 all 
arm-none-eabi-gcc "../Core/Src/main.c" -mcpu=cortex-m3 -std=gnu11 -g3 -DDEBUG -DUSE_HAL_DRIVER -DSTM32F103x6 -c -I../Core/Inc -I../Drivers/STM32F1xx_HAL_Driver/Inc/Legacy -I../Drivers/STM32F1xx_HAL_Driver/Inc -I../Drivers/CMSIS/Device/ST/STM32F1xx/Include -I../Drivers/CMSIS/Include -O0 -ffunction-sections -fdata-sections -Wall -fstack-usage -fcyclomatic-complexity -MMD -MP -MF"Core/Src/main.d" -MT"Core/Src/main.o" --specs=nano.specs -mfloat-abi=soft -mthumb -o "Core/Src/main.o"
../Core/Src/main.c: In function 'main':
../Core/Src/main.c:118:5: warning: implicit declaration of function 'sprintf' [-Wimplicit-function-declaration]
  118 |     sprintf(msg, "Temp: %lu | Throttle: %lu\r\n", adc_val[0], adc_val[1]);
      |     ^~~~~~~
../Core/Src/main.c:25:1: note: include '<stdio.h>' or provide a declaration of 'sprintf'
   24 | #include <string.h>
  +++ |+#include <stdio.h>
   25 | /* USER CODE END Includes */
../Core/Src/main.c:118:5: warning: incompatible implicit declaration of built-in function 'sprintf' [-Wbuiltin-declaration-mismatch]
  118 |     sprintf(msg, "Temp: %lu | Throttle: %lu\r\n", adc_val[0], adc_val[1]);
      |     ^~~~~~~
../Core/Src/main.c:118:5: note: include '<stdio.h>' or provide a declaration of 'sprintf'
arm-none-eabi-gcc -o "TASK3.elf" @"objects.list"   -mcpu=cortex-m3 -T"E:\embedded\stm32\STM_IDE_path\STM_projects\TASK3\STM32F103C6TX_FLASH.ld" --specs=nosys.specs -Wl,-Map="TASK3.map" -Wl,--gc-sections -static --specs=nano.specs -mfloat-abi=soft -mthumb -Wl,--start-group -lc -lm -Wl,--end-group
Finished building target: TASK3.elf
 
arm-none-eabi-size  TASK3.elf 
arm-none-eabi-objdump -h -S TASK3.elf  > "TASK3.list"
   text	   data	    bss	    dec	    hex	filename
  11740	     92	   2020	  13852	   361c	TASK3.elf
arm-none-eabi-objcopy  -O ihex TASK3.elf  "TASK3.hex"
Finished building: default.size.stdout
 
Finished building: TASK3.hex
 
Finished building: TASK3.list
 
19:30:16 **** Incremental Build of configuration Debug for project TASK3 ****
make -j16 all 
arm-none-eabi-gcc "../Core/Src/main.c" -mcpu=cortex-m3 -std=gnu11 -g3 -DDEBUG -DUSE_HAL_DRIVER -DSTM32F103x6 -c -I../Core/Inc -I../Drivers/STM32F1xx_HAL_Driver/Inc/Legacy -I../Drivers/STM32F1xx_HAL_Driver/Inc -I../Drivers/CMSIS/Device/ST/STM32F1xx/Include -I../Drivers/CMSIS/Include -O0 -ffunction-sections -fdata-sections -Wall -fstack-usage -fcyclomatic-complexity -MMD -MP -MF"Core/Src/main.d" -MT"Core/Src/main.o" --specs=nano.specs -mfloat-abi=soft -mthumb -o "Core/Src/main.o"
../Core/Src/main.c: In function 'main':
../Core/Src/main.c:118:5: warning: implicit declaration of function 'sprintf' [-Wimplicit-function-declaration]
  118 |     sprintf(msg, "Temp: %lu | Throttle: %lu\r\n", adc_val[0], adc_val[1]);
      |     ^~~~~~~
../Core/Src/main.c:25:1: note: include '<stdio.h>' or provide a declaration of 'sprintf'
   24 | #include <string.h>
  +++ |+#include <stdio.h>
   25 | /* USER CODE END Includes */
../Core/Src/main.c:118:5: warning: incompatible implicit declaration of built-in function 'sprintf' [-Wbuiltin-declaration-mismatch]
  118 |     sprintf(msg, "Temp: %lu | Throttle: %lu\r\n", adc_val[0], adc_val[1]);
      |     ^~~~~~~
../Core/Src/main.c:118:5: note: include '<stdio.h>' or provide a declaration of 'sprintf'
arm-none-eabi-gcc -o "TASK3.elf" @"objects.list"   -mcpu=cortex-m3 -T"E:\embedded\stm32\STM_IDE_path\STM_projects\TASK3\STM32F103C6TX_FLASH.ld" --specs=nosys.specs -Wl,-Map="TASK3.map" -Wl,--gc-sections -static --specs=nano.specs -mfloat-abi=soft -mthumb -Wl,--start-group -lc -lm -Wl,--end-group
Finished building target: TASK3.elf
 
arm-none-eabi-size  TASK3.elf 
arm-none-eabi-objdump -h -S TASK3.elf  > "TASK3.list"
arm-none-eabi-objcopy  -O ihex TASK3.elf  "TASK3.hex"
   text	   data	    bss	    dec	    hex	filename
  11744	     92	   2020	  13856	   3620	TASK3.elf
Finished building: default.size.stdout
 
Finished building: TASK3.hex
 
Finished building: TASK3.list
 
19:38:53 **** Incremental Build of configuration Debug for project TASK3 ****
make -j16 all 
arm-none-eabi-gcc "../Core/Src/main.c" -mcpu=cortex-m3 -std=gnu11 -g3 -DDEBUG -DUSE_HAL_DRIVER -DSTM32F103x6 -c -I../Core/Inc -I../Drivers/STM32F1xx_HAL_Driver/Inc/Legacy -I../Drivers/STM32F1xx_HAL_Driver/Inc -I../Drivers/CMSIS/Device/ST/STM32F1xx/Include -I../Drivers/CMSIS/Include -O0 -ffunction-sections -fdata-sections -Wall -fstack-usage -fcyclomatic-complexity -MMD -MP -MF"Core/Src/main.d" -MT"Core/Src/main.o" --specs=nano.specs -mfloat-abi=soft -mthumb -o "Core/Src/main.o"
../Core/Src/main.c: In function 'main':
../Core/Src/main.c:118:5: warning: implicit declaration of function 'sprintf' [-Wimplicit-function-declaration]
  118 |     sprintf(msg, "Temp: %lu | Throttle: %lu\r\n", adc_val[0], adc_val[1]);
      |     ^~~~~~~
../Core/Src/main.c:25:1: note: include '<stdio.h>' or provide a declaration of 'sprintf'
   24 | #include <string.h>
  +++ |+#include <stdio.h>
   25 | /* USER CODE END Includes */
../Core/Src/main.c:118:5: warning: incompatible implicit declaration of built-in function 'sprintf' [-Wbuiltin-declaration-mismatch]
  118 |     sprintf(msg, "Temp: %lu | Throttle: %lu\r\n", adc_val[0], adc_val[1]);
      |     ^~~~~~~
../Core/Src/main.c:118:5: note: include '<stdio.h>' or provide a declaration of 'sprintf'
arm-none-eabi-gcc -o "TASK3.elf" @"objects.list"   -mcpu=cortex-m3 -T"E:\embedded\stm32\STM_IDE_path\STM_projects\TASK3\STM32F103C6TX_FLASH.ld" --specs=nosys.specs -Wl,-Map="TASK3.map" -Wl,--gc-sections -static --specs=nano.specs -mfloat-abi=soft -mthumb -Wl,--start-group -lc -lm -Wl,--end-group
Finished building target: TASK3.elf
 
arm-none-eabi-size  TASK3.elf 
arm-none-eabi-objdump -h -S TASK3.elf  > "TASK3.list"
   text	   data	    bss	    dec	    hex	filename
  11848	     92	   2020	  13960	   3688	TASK3.elf
arm-none-eabi-objcopy  -O ihex TASK3.elf  "TASK3.hex"
Finished building: default.size.stdout
 
Finished building: TASK3.hex
 
Finished building: TASK3.list
 
19:43:24 **** Incremental Build of configuration Debug for project TASK3 ****
make -j16 all 
arm-none-eabi-gcc "../Core/Src/main.c" -mcpu=cortex-m3 -std=gnu11 -g3 -DDEBUG -DUSE_HAL_DRIVER -DSTM32F103x6 -c -I../Core/Inc -I../Drivers/STM32F1xx_HAL_Driver/Inc/Legacy -I../Drivers/STM32F1xx_HAL_Driver/Inc -I../Drivers/CMSIS/Device/ST/STM32F1xx/Include -I../Drivers/CMSIS/Include -O0 -ffunction-sections -fdata-sections -Wall -fstack-usage -fcyclomatic-complexity -MMD -MP -MF"Core/Src/main.d" -MT"Core/Src/main.o" --specs=nano.specs -mfloat-abi=soft -mthumb -o "Core/Src/main.o"
../Core/Src/main.c: In function 'main':
../Core/Src/main.c:118:5: warning: implicit declaration of function 'sprintf' [-Wimplicit-function-declaration]
  118 |     sprintf(msg, "Temp: %lu | Throttle: %lu\r\n", adc_val[0], adc_val[1]);
      |     ^~~~~~~
../Core/Src/main.c:25:1: note: include '<stdio.h>' or provide a declaration of 'sprintf'
   24 | #include <string.h>
  +++ |+#include <stdio.h>
   25 | /* USER CODE END Includes */
../Core/Src/main.c:118:5: warning: incompatible implicit declaration of built-in function 'sprintf' [-Wbuiltin-declaration-mismatch]
  118 |     sprintf(msg, "Temp: %lu | Throttle: %lu\r\n", adc_val[0], adc_val[1]);
      |     ^~~~~~~
../Core/Src/main.c:118:5: note: include '<stdio.h>' or provide a declaration of 'sprintf'
arm-none-eabi-gcc -o "TASK3.elf" @"objects.list"   -mcpu=cortex-m3 -T"E:\embedded\stm32\STM_IDE_path\STM_projects\TASK3\STM32F103C6TX_FLASH.ld" --specs=nosys.specs -Wl,-Map="TASK3.map" -Wl,--gc-sections -static --specs=nano.specs -mfloat-abi=soft -mthumb -Wl,--start-group -lc -lm -Wl,--end-group
Finished building target: TASK3.elf
 
arm-none-eabi-size  TASK3.elf 
arm-none-eabi-objdump -h -S TASK3.elf  > "TASK3.list"
   text	   data	    bss	    dec	    hex	filename
  11848	     92	   2020	  13960	   3688	TASK3.elf
arm-none-eabi-objcopy  -O ihex TASK3.elf  "TASK3.hex"
Finished building: default.size.stdout
 
Finished building: TASK3.hex
 
Finished building: TASK3.list
 
19:43:30 **** Incremental Build of configuration Debug for project TASK3 ****
make -j16 all 
arm-none-eabi-size  TASK3.elf 
   text	   data	    bss	    dec	    hex	filename
  11848	     92	   2020	  13960	   3688	TASK3.elf
Finished building: default.size.stdout
 
19:43:59 **** Incremental Build of configuration Debug for project TASK3 ****
make -j16 all 
arm-none-eabi-gcc "../Core/Src/main.c" -mcpu=cortex-m3 -std=gnu11 -g3 -DDEBUG -DUSE_HAL_DRIVER -DSTM32F103x6 -c -I../Core/Inc -I../Drivers/STM32F1xx_HAL_Driver/Inc/Legacy -I../Drivers/STM32F1xx_HAL_Driver/Inc -I../Drivers/CMSIS/Device/ST/STM32F1xx/Include -I../Drivers/CMSIS/Include -O0 -ffunction-sections -fdata-sections -Wall -fstack-usage -fcyclomatic-complexity -MMD -MP -MF"Core/Src/main.d" -MT"Core/Src/main.o" --specs=nano.specs -mfloat-abi=soft -mthumb -o "Core/Src/main.o"
../Core/Src/main.c: In function 'main':
../Core/Src/main.c:118:5: warning: implicit declaration of function 'sprintf' [-Wimplicit-function-declaration]
  118 |     sprintf(msg, "Temp: %lu | Throttle: %lu\r\n", adc_val[0], adc_val[1]);
      |     ^~~~~~~
../Core/Src/main.c:25:1: note: include '<stdio.h>' or provide a declaration of 'sprintf'
   24 | #include <string.h>
  +++ |+#include <stdio.h>
   25 | /* USER CODE END Includes */
../Core/Src/main.c:118:5: warning: incompatible implicit declaration of built-in function 'sprintf' [-Wbuiltin-declaration-mismatch]
  118 |     sprintf(msg, "Temp: %lu | Throttle: %lu\r\n", adc_val[0], adc_val[1]);
      |     ^~~~~~~
../Core/Src/main.c:118:5: note: include '<stdio.h>' or provide a declaration of 'sprintf'
arm-none-eabi-gcc -o "TASK3.elf" @"objects.list"   -mcpu=cortex-m3 -T"E:\embedded\stm32\STM_IDE_path\STM_projects\TASK3\STM32F103C6TX_FLASH.ld" --specs=nosys.specs -Wl,-Map="TASK3.map" -Wl,--gc-sections -static --specs=nano.specs -mfloat-abi=soft -mthumb -Wl,--start-group -lc -lm -Wl,--end-group
Finished building target: TASK3.elf
 
arm-none-eabi-size  TASK3.elf 
arm-none-eabi-objdump -h -S TASK3.elf  > "TASK3.list"
arm-none-eabi-objcopy  -O ihex TASK3.elf  "TASK3.hex"
   text	   data	    bss	    dec	    hex	filename
  11836	     92	   2020	  13948	   367c	TASK3.elf
Finished building: default.size.stdout
 
Finished building: TASK3.hex
 
Finished building: TASK3.list
 
19:44:15 **** Incremental Build of configuration Debug for project TASK3 ****
make -j16 all 
arm-none-eabi-size  TASK3.elf 
   text	   data	    bss	    dec	    hex	filename
  11836	     92	   2020	  13948	   367c	TASK3.elf
Finished building: default.size.stdout
 
19:49:20 **** Incremental Build of configuration Debug for project TASK3 ****
make -j16 all 
arm-none-eabi-gcc "../Core/Src/main.c" -mcpu=cortex-m3 -std=gnu11 -g3 -DDEBUG -DUSE_HAL_DRIVER -DSTM32F103x6 -c -I../Core/Inc -I../Drivers/STM32F1xx_HAL_Driver/Inc/Legacy -I../Drivers/STM32F1xx_HAL_Driver/Inc -I../Drivers/CMSIS/Device/ST/STM32F1xx/Include -I../Drivers/CMSIS/Include -O0 -ffunction-sections -fdata-sections -Wall -fstack-usage -fcyclomatic-complexity -MMD -MP -MF"Core/Src/main.d" -MT"Core/Src/main.o" --specs=nano.specs -mfloat-abi=soft -mthumb -o "Core/Src/main.o"
../Core/Src/main.c: In function 'main':
../Core/Src/main.c:118:5: warning: implicit declaration of function 'sprintf' [-Wimplicit-function-declaration]
  118 |     sprintf(msg, "Temp: %lu | Throttle: %lu\r\n", adc_val[0], adc_val[1]);
      |     ^~~~~~~
../Core/Src/main.c:25:1: note: include '<stdio.h>' or provide a declaration of 'sprintf'
   24 | #include <string.h>
  +++ |+#include <stdio.h>
   25 | /* USER CODE END Includes */
../Core/Src/main.c:118:5: warning: incompatible implicit declaration of built-in function 'sprintf' [-Wbuiltin-declaration-mismatch]
  118 |     sprintf(msg, "Temp: %lu | Throttle: %lu\r\n", adc_val[0], adc_val[1]);
      |     ^~~~~~~
../Core/Src/main.c:118:5: note: include '<stdio.h>' or provide a declaration of 'sprintf'
arm-none-eabi-gcc -o "TASK3.elf" @"objects.list"   -mcpu=cortex-m3 -T"E:\embedded\stm32\STM_IDE_path\STM_projects\TASK3\STM32F103C6TX_FLASH.ld" --specs=nosys.specs -Wl,-Map="TASK3.map" -Wl,--gc-sections -static --specs=nano.specs -mfloat-abi=soft -mthumb -Wl,--start-group -lc -lm -Wl,--end-group
Finished building target: TASK3.elf
 
arm-none-eabi-size  TASK3.elf 
arm-none-eabi-objdump -h -S TASK3.elf  > "TASK3.list"
   text	   data	    bss	    dec	    hex	filename
  11840	     92	   2020	  13952	   3680	TASK3.elf
arm-none-eabi-objcopy  -O ihex TASK3.elf  "TASK3.hex"
Finished building: default.size.stdout
 
Finished building: TASK3.hex
 
Finished building: TASK3.list
 
19:52:51 **** Incremental Build of configuration Debug for project TASK3 ****
make -j16 all 
arm-none-eabi-gcc "../Core/Src/main.c" -mcpu=cortex-m3 -std=gnu11 -g3 -DDEBUG -DUSE_HAL_DRIVER -DSTM32F103x6 -c -I../Core/Inc -I../Drivers/STM32F1xx_HAL_Driver/Inc/Legacy -I../Drivers/STM32F1xx_HAL_Driver/Inc -I../Drivers/CMSIS/Device/ST/STM32F1xx/Include -I../Drivers/CMSIS/Include -O0 -ffunction-sections -fdata-sections -Wall -fstack-usage -fcyclomatic-complexity -MMD -MP -MF"Core/Src/main.d" -MT"Core/Src/main.o" --specs=nano.specs -mfloat-abi=soft -mthumb -o "Core/Src/main.o"
../Core/Src/main.c: In function 'main':
../Core/Src/main.c:118:5: warning: implicit declaration of function 'sprintf' [-Wimplicit-function-declaration]
  118 |     sprintf(msg, "Temp: %lu | Throttle: %lu\r\n", adc_val[0], adc_val[1]);
      |     ^~~~~~~
../Core/Src/main.c:25:1: note: include '<stdio.h>' or provide a declaration of 'sprintf'
   24 | #include <string.h>
  +++ |+#include <stdio.h>
   25 | /* USER CODE END Includes */
../Core/Src/main.c:118:5: warning: incompatible implicit declaration of built-in function 'sprintf' [-Wbuiltin-declaration-mismatch]
  118 |     sprintf(msg, "Temp: %lu | Throttle: %lu\r\n", adc_val[0], adc_val[1]);
      |     ^~~~~~~
../Core/Src/main.c:118:5: note: include '<stdio.h>' or provide a declaration of 'sprintf'
arm-none-eabi-gcc -o "TASK3.elf" @"objects.list"   -mcpu=cortex-m3 -T"E:\embedded\stm32\STM_IDE_path\STM_projects\TASK3\STM32F103C6TX_FLASH.ld" --specs=nosys.specs -Wl,-Map="TASK3.map" -Wl,--gc-sections -static --specs=nano.specs -mfloat-abi=soft -mthumb -Wl,--start-group -lc -lm -Wl,--end-group
Finished building target: TASK3.elf
 
arm-none-eabi-size  TASK3.elf 
arm-none-eabi-objdump -h -S TASK3.elf  > "TASK3.list"
   text	   data	    bss	    dec	    hex	filename
  11844	     92	   2020	  13956	   3684	TASK3.elf
arm-none-eabi-objcopy  -O ihex TASK3.elf  "TASK3.hex"
Finished building: default.size.stdout
 
Finished building: TASK3.hex
 
Finished building: TASK3.list
 
19:56:32 **** Incremental Build of configuration Debug for project TASK3 ****
make -j16 all 
arm-none-eabi-gcc "../Core/Src/main.c" -mcpu=cortex-m3 -std=gnu11 -g3 -DDEBUG -DUSE_HAL_DRIVER -DSTM32F103x6 -c -I../Core/Inc -I../Drivers/STM32F1xx_HAL_Driver/Inc/Legacy -I../Drivers/STM32F1xx_HAL_Driver/Inc -I../Drivers/CMSIS/Device/ST/STM32F1xx/Include -I../Drivers/CMSIS/Include -O0 -ffunction-sections -fdata-sections -Wall -fstack-usage -fcyclomatic-complexity -MMD -MP -MF"Core/Src/main.d" -MT"Core/Src/main.o" --specs=nano.specs -mfloat-abi=soft -mthumb -o "Core/Src/main.o"
../Core/Src/main.c: In function 'main':
../Core/Src/main.c:97:12: warning: variable 'adc_val' set but not used [-Wunused-but-set-variable]
   97 |   uint32_t adc_val[2];
      |            ^~~~~~~
arm-none-eabi-gcc -o "TASK3.elf" @"objects.list"   -mcpu=cortex-m3 -T"E:\embedded\stm32\STM_IDE_path\STM_projects\TASK3\STM32F103C6TX_FLASH.ld" --specs=nosys.specs -Wl,-Map="TASK3.map" -Wl,--gc-sections -static --specs=nano.specs -mfloat-abi=soft -mthumb -Wl,--start-group -lc -lm -Wl,--end-group
Finished building target: TASK3.elf
 
arm-none-eabi-size  TASK3.elf 
arm-none-eabi-objdump -h -S TASK3.elf  > "TASK3.list"
   text	   data	    bss	    dec	    hex	filename
   9320	     12	   1692	  11024	   2b10	TASK3.elf
arm-none-eabi-objcopy  -O ihex TASK3.elf  "TASK3.hex"
Finished building: default.size.stdout
 
Finished building: TASK3.hex
 
Finished building: TASK3.list
 
19:56:56 **** Incremental Build of configuration Debug for project TASK3 ****
make -j16 all 
arm-none-eabi-gcc "../Core/Src/main.c" -mcpu=cortex-m3 -std=gnu11 -g3 -DDEBUG -DUSE_HAL_DRIVER -DSTM32F103x6 -c -I../Core/Inc -I../Drivers/STM32F1xx_HAL_Driver/Inc/Legacy -I../Drivers/STM32F1xx_HAL_Driver/Inc -I../Drivers/CMSIS/Device/ST/STM32F1xx/Include -I../Drivers/CMSIS/Include -O0 -ffunction-sections -fdata-sections -Wall -fstack-usage -fcyclomatic-complexity -MMD -MP -MF"Core/Src/main.d" -MT"Core/Src/main.o" --specs=nano.specs -mfloat-abi=soft -mthumb -o "Core/Src/main.o"
../Core/Src/main.c: In function 'main':
../Core/Src/main.c:118:5: warning: implicit declaration of function 'sprintf' [-Wimplicit-function-declaration]
  118 |     sprintf(msg, "Temp: %lu | Throttle: %lu\r\n", adc_val[0], adc_val[1]);
      |     ^~~~~~~
../Core/Src/main.c:25:1: note: include '<stdio.h>' or provide a declaration of 'sprintf'
   24 | #include <string.h>
  +++ |+#include <stdio.h>
   25 | /* USER CODE END Includes */
../Core/Src/main.c:118:5: warning: incompatible implicit declaration of built-in function 'sprintf' [-Wbuiltin-declaration-mismatch]
  118 |     sprintf(msg, "Temp: %lu | Throttle: %lu\r\n", adc_val[0], adc_val[1]);
      |     ^~~~~~~
../Core/Src/main.c:118:5: note: include '<stdio.h>' or provide a declaration of 'sprintf'
arm-none-eabi-gcc -o "TASK3.elf" @"objects.list"   -mcpu=cortex-m3 -T"E:\embedded\stm32\STM_IDE_path\STM_projects\TASK3\STM32F103C6TX_FLASH.ld" --specs=nosys.specs -Wl,-Map="TASK3.map" -Wl,--gc-sections -static --specs=nano.specs -mfloat-abi=soft -mthumb -Wl,--start-group -lc -lm -Wl,--end-group
Finished building target: TASK3.elf
 
arm-none-eabi-size  TASK3.elf 
arm-none-eabi-objdump -h -S TASK3.elf  > "TASK3.list"
arm-none-eabi-objcopy  -O ihex TASK3.elf  "TASK3.hex"
   text	   data	    bss	    dec	    hex	filename
  11840	     92	   2020	  13952	   3680	TASK3.elf
Finished building: default.size.stdout
 
Finished building: TASK3.hex
 
Finished building: TASK3.list
 
19:58:04 **** Incremental Build of configuration Debug for project TASK3 ****
make -j16 all 
arm-none-eabi-gcc "../Core/Src/main.c" -mcpu=cortex-m3 -std=gnu11 -g3 -DDEBUG -DUSE_HAL_DRIVER -DSTM32F103x6 -c -I../Core/Inc -I../Drivers/STM32F1xx_HAL_Driver/Inc/Legacy -I../Drivers/STM32F1xx_HAL_Driver/Inc -I../Drivers/CMSIS/Device/ST/STM32F1xx/Include -I../Drivers/CMSIS/Include -O0 -ffunction-sections -fdata-sections -Wall -fstack-usage -fcyclomatic-complexity -MMD -MP -MF"Core/Src/main.d" -MT"Core/Src/main.o" --specs=nano.specs -mfloat-abi=soft -mthumb -o "Core/Src/main.o"
../Core/Src/main.c: In function 'main':
../Core/Src/main.c:118:5: warning: implicit declaration of function 'sprintf' [-Wimplicit-function-declaration]
  118 |     sprintf(msg, "Temp: %lu | Throttle: %lu\r\n", adc_val[0], adc_val[1]);
      |     ^~~~~~~
../Core/Src/main.c:25:1: note: include '<stdio.h>' or provide a declaration of 'sprintf'
   24 | #include <string.h>
  +++ |+#include <stdio.h>
   25 | /* USER CODE END Includes */
../Core/Src/main.c:118:5: warning: incompatible implicit declaration of built-in function 'sprintf' [-Wbuiltin-declaration-mismatch]
  118 |     sprintf(msg, "Temp: %lu | Throttle: %lu\r\n", adc_val[0], adc_val[1]);
      |     ^~~~~~~
../Core/Src/main.c:118:5: note: include '<stdio.h>' or provide a declaration of 'sprintf'
arm-none-eabi-gcc -o "TASK3.elf" @"objects.list"   -mcpu=cortex-m3 -T"E:\embedded\stm32\STM_IDE_path\STM_projects\TASK3\STM32F103C6TX_FLASH.ld" --specs=nosys.specs -Wl,-Map="TASK3.map" -Wl,--gc-sections -static --specs=nano.specs -mfloat-abi=soft -mthumb -Wl,--start-group -lc -lm -Wl,--end-group
Finished building target: TASK3.elf
 
arm-none-eabi-size  TASK3.elf 
arm-none-eabi-objdump -h -S TASK3.elf  > "TASK3.list"
   text	   data	    bss	    dec	    hex	filename
  11840	     92	   2020	  13952	   3680	TASK3.elf
arm-none-eabi-objcopy  -O ihex TASK3.elf  "TASK3.hex"
Finished building: default.size.stdout
 
Finished building: TASK3.hex
 
Finished building: TASK3.list
 
19:58:19 **** Incremental Build of configuration Debug for project TASK3 ****
make -j16 all 
arm-none-eabi-gcc "../Core/Src/main.c" -mcpu=cortex-m3 -std=gnu11 -g3 -DDEBUG -DUSE_HAL_DRIVER -DSTM32F103x6 -c -I../Core/Inc -I../Drivers/STM32F1xx_HAL_Driver/Inc/Legacy -I../Drivers/STM32F1xx_HAL_Driver/Inc -I../Drivers/CMSIS/Device/ST/STM32F1xx/Include -I../Drivers/CMSIS/Include -O0 -ffunction-sections -fdata-sections -Wall -fstack-usage -fcyclomatic-complexity -MMD -MP -MF"Core/Src/main.d" -MT"Core/Src/main.o" --specs=nano.specs -mfloat-abi=soft -mthumb -o "Core/Src/main.o"
../Core/Src/main.c: In function 'main':
../Core/Src/main.c:119:5: warning: implicit declaration of function 'sprintf' [-Wimplicit-function-declaration]
  119 |     sprintf(msg, "Temp: %lu | Throttle: %lu\r\n", adc_val[0], adc_val[1]);
      |     ^~~~~~~
../Core/Src/main.c:25:1: note: include '<stdio.h>' or provide a declaration of 'sprintf'
   24 | #include <string.h>
  +++ |+#include <stdio.h>
   25 | /* USER CODE END Includes */
../Core/Src/main.c:119:5: warning: incompatible implicit declaration of built-in function 'sprintf' [-Wbuiltin-declaration-mismatch]
  119 |     sprintf(msg, "Temp: %lu | Throttle: %lu\r\n", adc_val[0], adc_val[1]);
      |     ^~~~~~~
../Core/Src/main.c:119:5: note: include '<stdio.h>' or provide a declaration of 'sprintf'
arm-none-eabi-gcc -o "TASK3.elf" @"objects.list"   -mcpu=cortex-m3 -T"E:\embedded\stm32\STM_IDE_path\STM_projects\TASK3\STM32F103C6TX_FLASH.ld" --specs=nosys.specs -Wl,-Map="TASK3.map" -Wl,--gc-sections -static --specs=nano.specs -mfloat-abi=soft -mthumb -Wl,--start-group -lc -lm -Wl,--end-group
Finished building target: TASK3.elf
 
arm-none-eabi-size  TASK3.elf 
arm-none-eabi-objdump -h -S TASK3.elf  > "TASK3.list"
arm-none-eabi-objcopy  -O ihex TASK3.elf  "TASK3.hex"
   text	   data	    bss	    dec	    hex	filename
  11840	     92	   2020	  13952	   3680	TASK3.elf
Finished building: default.size.stdout
 
Finished building: TASK3.hex
 
Finished building: TASK3.list
 
20:02:59 **** Incremental Build of configuration Debug for project TASK3 ****
make -j16 all 
arm-none-eabi-gcc "../Core/Src/main.c" -mcpu=cortex-m3 -std=gnu11 -g3 -DDEBUG -DUSE_HAL_DRIVER -DSTM32F103x6 -c -I../Core/Inc -I../Drivers/STM32F1xx_HAL_Driver/Inc/Legacy -I../Drivers/STM32F1xx_HAL_Driver/Inc -I../Drivers/CMSIS/Device/ST/STM32F1xx/Include -I../Drivers/CMSIS/Include -O0 -ffunction-sections -fdata-sections -Wall -fstack-usage -fcyclomatic-complexity -MMD -MP -MF"Core/Src/main.d" -MT"Core/Src/main.o" --specs=nano.specs -mfloat-abi=soft -mthumb -o "Core/Src/main.o"
../Core/Src/main.c: In function 'main':
../Core/Src/main.c:119:5: warning: implicit declaration of function 'sprintf' [-Wimplicit-function-declaration]
  119 |     sprintf(msg, "Temp: %lu | Throttle: %lu\r\n", adc_val[0], adc_val[1]);
      |     ^~~~~~~
[...]
      |                 ^~~~~~~~~~~
make: *** [Core/Src/subdir.mk:34: Core/Src/main.o] Error 1
"make -j16 all" terminated with exit code 2. Build might be incomplete.
21:24:41 **** Incremental Build of configuration Debug for project TASK3 ****
make -j16 all 
arm-none-eabi-size  TASK3.elf 
   text	   data	    bss	    dec	    hex	filename
  11856	     92	   2020	  13968	   3690	TASK3.elf
Finished building: default.size.stdout
 
21:24:50 **** Incremental Build of configuration Debug for project T3_star2_MASTER ****
make -j16 all 
arm-none-eabi-size  T3_star2_MASTER.elf 
   text	   data	    bss	    dec	    hex	filename
  25496	    468	   2068	  28032	   6d80	T3_star2_MASTER.elf
Finished building: default.size.stdout
 
21:24:51 **** Incremental Build of configuration Debug for project T3_star2_SLAVE ****
make -j16 all 
arm-none-eabi-gcc "../Core/Src/main.c" -mcpu=cortex-m3 -std=gnu11 -g3 -DDEBUG -DUSE_HAL_DRIVER -DSTM32F103x6 -c -I../Core/Inc -I../Drivers/STM32F1xx_HAL_Driver/Inc/Legacy -I../Drivers/STM32F1xx_HAL_Driver/Inc -I../Drivers/CMSIS/Device/ST/STM32F1xx/Include -I../Drivers/CMSIS/Include -O0 -ffunction-sections -fdata-sections -Wall -fstack-usage -fcyclomatic-complexity -MMD -MP -MF"Core/Src/main.d" -MT"Core/Src/main.o" --specs=nano.specs -mfloat-abi=soft -mthumb -o "Core/Src/main.o"
../Core/Src/main.c: In function 'main':
../Core/Src/main.c:123:41: error: 'tx_dummy' undeclared (first use in this function)
  123 |         HAL_SPI_TransmitReceive(&hspi1, tx_dummy, rx_case_id, 2, HAL_MAX_DELAY);
      |                                         ^~~~~~~~
../Core/Src/main.c:123:41: note: each undeclared identifier is reported only once for each function it appears in
../Core/Src/main.c:146:50: error: 'rx_dummy' undeclared (first use in this function)
  146 |         HAL_SPI_TransmitReceive(&hspi1, tx_data, rx_dummy, 3, HAL_MAX_DELAY);
      |                                                  ^~~~~~~~
../Core/Src/main.c:114:13: warning: unused variable 'dummy_rx' [-Wunused-variable]
  114 |     uint8_t dummy_rx[3];
      |             ^~~~~~~~
../Core/Src/main.c:113:13: warning: unused variable 'tx_data' [-Wunused-variable]
  113 |     uint8_t tx_data[3];
      |             ^~~~~~~
../Core/Src/main.c: At top level:
../Core/Src/main.c:72:17: warning: 'encode_data' defined but not used [-Wunused-function]
   72 | static uint32_t encode_data(float voltage, uint16_t speed) {
      |                 ^~~~~~~~~~~
make: *** [Core/Src/subdir.mk:34: Core/Src/main.o] Error 1
"make -j16 all" terminated with exit code 2. Build might be incomplete.
21:24:51 **** Incremental Build of configuration Debug for project TASK3 ****
make -j16 all 
arm-none-eabi-size  TASK3.elf 
   text	   data	    bss	    dec	    hex	filename
  11856	     92	   2020	  13968	   3690	TASK3.elf
Finished building: default.size.stdout
 
21:25:45 **** Incremental Build of configuration Debug for project T3_star2_MASTER ****
make -j16 all 
arm-none-eabi-gcc "../Core/Src/main.c" -mcpu=cortex-m3 -std=gnu11 -g3 -DDEBUG -DUSE_HAL_DRIVER -DSTM32F103x6 -c -I../Core/Inc -I../Drivers/STM32F1xx_HAL_Driver/Inc/Legacy -I../Drivers/STM32F1xx_HAL_Driver/Inc -I../Drivers/CMSIS/Device/ST/STM32F1xx/Include -I../Drivers/CMSIS/Include -O0 -ffunction-sections -fdata-sections -Wall -fstack-usage -fcyclomatic-complexity -MMD -MP -MF"Core/Src/main.d" -MT"Core/Src/main.o" --specs=nano.specs -mfloat-abi=soft -mthumb -o "Core/Src/main.o"
../Core/Src/main.c: In function 'main':
../Core/Src/main.c:123:46: warning: implicit declaration of function 'strlen' [-Wimplicit-function-declaration]
  123 |     HAL_UART_Transmit(&huart1, (uint8_t *)x, strlen(x), HAL_MAX_DELAY);
      |                                              ^~~~~~
../Core/Src/main.c:21:1: note: include '<string.h>' or provide a declaration of 'strlen'
   20 | #include "main.h"
  +++ |+#include <string.h>
   21 | 
../Core/Src/main.c:123:46: warning: incompatible implicit declaration of built-in function 'strlen' [-Wbuiltin-declaration-mismatch]
  123 |     HAL_UART_Transmit(&huart1, (uint8_t *)x, strlen(x), HAL_MAX_DELAY);
      |                                              ^~~~~~
../Core/Src/main.c:123:46: note: include '<string.h>' or provide a declaration of 'strlen'
../Core/Src/main.c:161:15: warning: implicit declaration of function 'snprintf' [-Wimplicit-function-declaration]
  161 |     int len = snprintf(outmsg, sizeof(outmsg),
      |               ^~~~~~~~
../Core/Src/main.c:21:1: note: include '<stdio.h>' or provide a declaration of 'snprintf'
   20 | #include "main.h"
  +++ |+#include <stdio.h>
   21 | 
../Core/Src/main.c:161:15: warning: incompatible implicit declaration of built-in function 'snprintf' [-Wbuiltin-declaration-mismatch]
  161 |     int len = snprintf(outmsg, sizeof(outmsg),
      |               ^~~~~~~~
../Core/Src/main.c:161:15: note: include '<stdio.h>' or provide a declaration of 'snprintf'
arm-none-eabi-gcc -o "T3_star2_MASTER.elf" @"objects.list"   -mcpu=cortex-m3 -T"E:\embedded\stm32\STM_IDE_path\STM_projects\T3_star2_MASTER\STM32F103C6TX_FLASH.ld" --specs=nosys.specs -Wl,-Map="T3_star2_MASTER.map" -Wl,--gc-sections -static --specs=nano.specs -mfloat-abi=soft -mthumb -u _printf_float -Wl,--start-group -lc -lm -Wl,--end-group
Finished building target: T3_star2_MASTER.elf
 
arm-none-eabi-size  T3_star2_MASTER.elf 
arm-none-eabi-objdump -h -S T3_star2_MASTER.elf  > "T3_star2_MASTER.list"
   text	   data	    bss	    dec	    hex	filename
  25504	    468	   2068	  28040	   6d88	T3_star2_MASTER.elf
arm-none-eabi-objcopy  -O ihex T3_star2_MASTER.elf  "T3_star2_MASTER.hex"
Finished building: default.size.stdout
 
Finished building: T3_star2_MASTER.hex
 
Finished building: T3_star2_MASTER.list
 
21:25:45 **** Incremental Build of configuration Debug for project T3_star2_SLAVE ****
make -j16 all 
arm-none-eabi-gcc "../Core/Src/main.c" -mcpu=cortex-m3 -std=gnu11 -g3 -DDEBUG -DUSE_HAL_DRIVER -DSTM32F103x6 -c -I../Core/Inc -I../Drivers/STM32F1xx_HAL_Driver/Inc/Legacy -I../Drivers/STM32F1xx_HAL_Driver/Inc -I../Drivers/CMSIS/Device/ST/STM32F1xx/Include -I../Drivers/CMSIS/Include -O0 -ffunction-sections -fdata-sections -Wall -fstack-usage -fcyclomatic-complexity -MMD -MP -MF"Core/Src/main.d" -MT"Core/Src/main.o" --specs=nano.specs -mfloat-abi=soft -mthumb -o "Core/Src/main.o"
../Core/Src/main.c: In function 'main':
../Core/Src/main.c:123:41: error: 'tx_dummy' undeclared (first use in this function)
  123 |         HAL_SPI_TransmitReceive(&hspi1, tx_dummy, rx_case_id, 2, HAL_MAX_DELAY);
      |                                         ^~~~~~~~
../Core/Src/main.c:123:41: note: each undeclared identifier is reported only once for each function it appears in
../Core/Src/main.c:146:50: error: 'rx_dummy' undeclared (first use in this function)
  146 |         HAL_SPI_TransmitReceive(&hspi1, tx_data, rx_dummy, 3, HAL_MAX_DELAY);
      |                                                  ^~~~~~~~
../Core/Src/main.c:114:13: warning: unused variable 'dummy_rx' [-Wunused-variable]
  114 |     uint8_t dummy_rx[3];
      |             ^~~~~~~~
../Core/Src/main.c:113:13: warning: unused variable 'tx_data' [-Wunused-variable]
  113 |     uint8_t tx_data[3];
      |             ^~~~~~~
../Core/Src/main.c: At top level:
../Core/Src/main.c:72:17: warning: 'encode_data' defined but not used [-Wunused-function]
   72 | static uint32_t encode_data(float voltage, uint16_t speed) {
      |                 ^~~~~~~~~~~
make: *** [Core/Src/subdir.mk:34: Core/Src/main.o] Error 1
"make -j16 all" terminated with exit code 2. Build might be incomplete.
21:25:46 **** Incremental Build of configuration Debug for project TASK3 ****
make -j16 all 
arm-none-eabi-size  TASK3.elf 
   text	   data	    bss	    dec	    hex	filename
  11856	     92	   2020	  13968	   3690	TASK3.elf
Finished building: default.size.stdout
 
21:27:10 **** Incremental Build of configuration Debug for project T3_star2_MASTER ****
make -j16 all 
arm-none-eabi-size  T3_star2_MASTER.elf 
   text	   data	    bss	    dec	    hex	filename
  25504	    468	   2068	  28040	   6d88	T3_star2_MASTER.elf
Finished building: default.size.stdout
 
21:27:10 **** Incremental Build of configuration Debug for project T3_star2_SLAVE ****
make -j16 all 
arm-none-eabi-gcc "../Core/Src/main.c" -mcpu=cortex-m3 -std=gnu11 -g3 -DDEBUG -DUSE_HAL_DRIVER -DSTM32F103x6 -c -I../Core/Inc -I../Drivers/STM32F1xx_HAL_Driver/Inc/Legacy -I../Drivers/STM32F1xx_HAL_Driver/Inc -I../Drivers/CMSIS/Device/ST/STM32F1xx/Include -I../Drivers/CMSIS/Include -O0 -ffunction-sections -fdata-sections -Wall -fstack-usage -fcyclomatic-complexity -MMD -MP -MF"Core/Src/main.d" -MT"Core/Src/main.o" --specs=nano.specs -mfloat-abi=soft -mthumb -o "Core/Src/main.o"
../Core/Src/main.c: In function 'main':
../Core/Src/main.c:147:50: error: 'rx_dummy' undeclared (first use in this function); did you mean 'tx_dummy'?
  147 |         HAL_SPI_TransmitReceive(&hspi1, tx_data, rx_dummy, 3, HAL_MAX_DELAY);
      |                                                  ^~~~~~~~
      |                                                  tx_dummy
../Core/Src/main.c:147:50: note: each undeclared identifier is reported only once for each function it appears in
../Core/Src/main.c:114:13: warning: unused variable 'dummy_rx' [-Wunused-variable]
  114 |     uint8_t dummy_rx[3];
      |             ^~~~~~~~
../Core/Src/main.c:113:13: warning: unused variable 'tx_data' [-Wunused-variable]
  113 |     uint8_t tx_data[3];
      |             ^~~~~~~
../Core/Src/main.c: At top level:
../Core/Src/main.c:72:17: warning: 'encode_data' defined but not used [-Wunused-function]
   72 | static uint32_t encode_data(float voltage, uint16_t speed) {
      |                 ^~~~~~~~~~~
make: *** [Core/Src/subdir.mk:34: Core/Src/main.o] Error 1
"make -j16 all" terminated with exit code 2. Build might be incomplete.
21:27:10 **** Incremental Build of configuration Debug for project TASK3 ****
make -j16 all 
arm-none-eabi-size  TASK3.elf 
   text	   data	    bss	    dec	    hex	filename
  11856	     92	   2020	  13968	   3690	TASK3.elf
Finished building: default.size.stdout
 
21:27:13 **** Incremental Build of configuration Debug for project T3_star2_MASTER ****
make -j16 all 
arm-none-eabi-size  T3_star2_MASTER.elf 
   text	   data	    bss	    dec	    hex	filename
  25504	    468	   2068	  28040	   6d88	T3_star2_MASTER.elf
Finished building: default.size.stdout
 
21:27:14 **** Incremental Build of configuration Debug for project T3_star2_SLAVE ****
make -j16 all 
arm-none-eabi-gcc "../Core/Src/main.c" -mcpu=cortex-m3 -std=gnu11 -g3 -DDEBUG -DUSE_HAL_DRIVER -DSTM32F103x6 -c -I../Core/Inc -I../Drivers/STM32F1xx_HAL_Driver/Inc/Legacy -I../Drivers/STM32F1xx_HAL_Driver/Inc -I../Drivers/CMSIS/Device/ST/STM32F1xx/Include -I../Drivers/CMSIS/Include -O0 -ffunction-sections -fdata-sections -Wall -fstack-usage -fcyclomatic-complexity -MMD -MP -MF"Core/Src/main.d" -MT"Core/Src/main.o" --specs=nano.specs -mfloat-abi=soft -mthumb -o "Core/Src/main.o"
../Core/Src/main.c: In function 'main':
../Core/Src/main.c:147:50: error: 'rx_dummy' undeclared (first use in this function); did you mean 'tx_dummy'?
  147 |         HAL_SPI_TransmitReceive(&hspi1, tx_data, rx_dummy, 3, HAL_MAX_DELAY);
      |                                                  ^~~~~~~~
      |                                                  tx_dummy
../Core/Src/main.c:147:50: note: each undeclared identifier is reported only once for each function it appears in
../Core/Src/main.c:114:13: warning: unused variable 'dummy_rx' [-Wunused-variable]
  114 |     uint8_t dummy_rx[3];
      |             ^~~~~~~~
../Core/Src/main.c:113:13: warning: unused variable 'tx_data' [-Wunused-variable]
  113 |     uint8_t tx_data[3];
      |             ^~~~~~~
../Core/Src/main.c: At top level:
../Core/Src/main.c:72:17: warning: 'encode_data' defined but not used [-Wunused-function]
   72 | static uint32_t encode_data(float voltage, uint16_t speed) {
      |                 ^~~~~~~~~~~
make: *** [Core/Src/subdir.mk:34: Core/Src/main.o] Error 1
"make -j16 all" terminated with exit code 2. Build might be incomplete.
21:27:14 **** Incremental Build of configuration Debug for project TASK3 ****
make -j16 all 
arm-none-eabi-size  TASK3.elf 
   text	   data	    bss	    dec	    hex	filename
  11856	     92	   2020	  13968	   3690	TASK3.elf
Finished building: default.size.stdout
 
21:27:35 **** Incremental Build of configuration Debug for project T3_star2_MASTER ****
make -j16 all 
arm-none-eabi-size  T3_star2_MASTER.elf 
   text	   data	    bss	    dec	    hex	filename
  25504	    468	   2068	  28040	   6d88	T3_star2_MASTER.elf
Finished building: default.size.stdout
 
21:27:36 **** Incremental Build of configuration Debug for project T3_star2_SLAVE ****
make -j16 all 
arm-none-eabi-gcc "../Core/Src/main.c" -mcpu=cortex-m3 -std=gnu11 -g3 -DDEBUG -DUSE_HAL_DRIVER -DSTM32F103x6 -c -I../Core/Inc -I../Drivers/STM32F1xx_HAL_Driver/Inc/Legacy -I../Drivers/STM32F1xx_HAL_Driver/Inc -I../Drivers/CMSIS/Device/ST/STM32F1xx/Include -I../Drivers/CMSIS/Include -O0 -ffunction-sections -fdata-sections -Wall -fstack-usage -fcyclomatic-complexity -MMD -MP -MF"Core/Src/main.d" -MT"Core/Src/main.o" --specs=nano.specs -mfloat-abi=soft -mthumb -o "Core/Src/main.o"
../Core/Src/main.c: In function 'main':
../Core/Src/main.c:114:13: warning: unused variable 'dummy_rx' [-Wunused-variable]
  114 |     uint8_t dummy_rx[3];
      |             ^~~~~~~~
../Core/Src/main.c:113:13: warning: unused variable 'tx_data' [-Wunused-variable]
  113 |     uint8_t tx_data[3];
      |             ^~~~~~~
../Core/Src/main.c: At top level:
../Core/Src/main.c:72:17: warning: 'encode_data' defined but not used [-Wunused-function]
   72 | static uint32_t encode_data(float voltage, uint16_t speed) {
      |                 ^~~~~~~~~~~
arm-none-eabi-gcc -o "T3_star2_SLAVE.elf" @"objects.list"   -mcpu=cortex-m3 -T"E:\embedded\stm32\STM_IDE_path\STM_projects\T3_star2_SLAVE\STM32F103C6TX_FLASH.ld" --specs=nosys.specs -Wl,-Map="T3_star2_SLAVE.map" -Wl,--gc-sections -static --specs=nano.specs -mfloat-abi=soft -mthumb -Wl,--start-group -lc -lm -Wl,--end-group
Finished building target: T3_star2_SLAVE.elf
 
arm-none-eabi-size  T3_star2_SLAVE.elf 
arm-none-eabi-objdump -h -S T3_star2_SLAVE.elf  > "T3_star2_SLAVE.list"
arm-none-eabi-objcopy  -O ihex T3_star2_SLAVE.elf  "T3_star2_SLAVE.hex"
   text	   data	    bss	    dec	    hex	filename
   6748	     72	   1656	   8476	   211c	T3_star2_SLAVE.elf
Finished building: default.size.stdout
 
Finished building: T3_star2_SLAVE.hex
 
Finished building: T3_star2_SLAVE.list
 
21:27:36 **** Incremental Build of configuration Debug for project TASK3 ****
make -j16 all 
arm-none-eabi-size  TASK3.elf 
   text	   data	    bss	    dec	    hex	filename
  11856	     92	   2020	  13968	   3690	TASK3.elf
Finished building: default.size.stdout
 
21:37:23 **** Incremental Build of configuration Debug for project T3_star2_MASTER ****
make -j16 all 
arm-none-eabi-size  T3_star2_MASTER.elf 
   text	   data	    bss	    dec	    hex	filename
  25504	    468	   2068	  28040	   6d88	T3_star2_MASTER.elf
Finished building: default.size.stdout
 
21:37:24 **** Incremental Build of configuration Debug for project T3_star2_SLAVE ****
make -j16 all 
arm-none-eabi-gcc "../Core/Src/main.c" -mcpu=cortex-m3 -std=gnu11 -g3 -DDEBUG -DUSE_HAL_DRIVER -DSTM32F103x6 -c -I../Core/Inc -I../Drivers/STM32F1xx_HAL_Driver/Inc/Legacy -I../Drivers/STM32F1xx_HAL_Driver/Inc -I../Drivers/CMSIS/Device/ST/STM32F1xx/Include -I../Drivers/CMSIS/Include -O0 -ffunction-sections -fdata-sections -Wall -fstack-usage -fcyclomatic-complexity -MMD -MP -MF"Core/Src/main.d" -MT"Core/Src/main.o" --specs=nano.specs -mfloat-abi=soft -mthumb -o "Core/Src/main.o"
../Core/Src/main.c: In function 'main':
../Core/Src/main.c:148:34: error: 'tx_buffer' undeclared (first use in this function)
  148 |         HAL_SPI_Transmit(&hspi1, tx_buffer, 3, HAL_MAX_DELAY);
      |                                  ^~~~~~~~~
../Core/Src/main.c:148:34: note: each undeclared identifier is reported only once for each function it appears in
../Core/Src/main.c:142:17: warning: unused variable 'tx_data' [-Wunused-variable]
  142 |         uint8_t tx_data[3] = {
      |                 ^~~~~~~
../Core/Src/main.c:116:13: warning: unused variable 'rx_dummy' [-Wunused-variable]
  116 |     uint8_t rx_dummy[2] = {0xFF, 0xFF};
      |             ^~~~~~~~
../Core/Src/main.c:114:13: warning: unused variable 'dummy_rx' [-Wunused-variable]
  114 |     uint8_t dummy_rx[3];
      |             ^~~~~~~~
../Core/Src/main.c:113:13: warning: unused variable 'tx_data' [-Wunused-variable]
  113 |     uint8_t tx_data[3];
      |             ^~~~~~~
../Core/Src/main.c: At top level:
../Core/Src/main.c:72:17: warning: 'encode_data' defined but not used [-Wunused-function]
   72 | static uint32_t encode_data(float voltage, uint16_t speed) {
      |                 ^~~~~~~~~~~
make: *** [Core/Src/subdir.mk:34: Core/Src/main.o] Error 1
"make -j16 all" terminated with exit code 2. Build might be incomplete.
21:37:24 **** Incremental Build of configuration Debug for project TASK3 ****
make -j16 all 
arm-none-eabi-size  TASK3.elf 
   text	   data	    bss	    dec	    hex	filename
  11856	     92	   2020	  13968	   3690	TASK3.elf
Finished building: default.size.stdout
 
21:37:34 **** Incremental Build of configuration Debug for project T3_star2_MASTER ****
make -j16 all 
arm-none-eabi-size  T3_star2_MASTER.elf 
   text	   data	    bss	    dec	    hex	filename
  25504	    468	   2068	  28040	   6d88	T3_star2_MASTER.elf
Finished building: default.size.stdout
 
21:37:34 **** Incremental Build of configuration Debug for project T3_star2_SLAVE ****
make -j16 all 
arm-none-eabi-gcc "../Core/Src/main.c" -mcpu=cortex-m3 -std=gnu11 -g3 -DDEBUG -DUSE_HAL_DRIVER -DSTM32F103x6 -c -I../Core/Inc -I../Drivers/STM32F1xx_HAL_Driver/Inc/Legacy -I../Drivers/STM32F1xx_HAL_Driver/Inc -I../Drivers/CMSIS/Device/ST/STM32F1xx/Include -I../Drivers/CMSIS/Include -O0 -ffunction-sections -fdata-sections -Wall -fstack-usage -fcyclomatic-complexity -MMD -MP -MF"Core/Src/main.d" -MT"Core/Src/main.o" --specs=nano.specs -mfloat-abi=soft -mthumb -o "Core/Src/main.o"
../Core/Src/main.c: In function 'main':
../Core/Src/main.c:116:13: warning: unused variable 'rx_dummy' [-Wunused-variable]
  116 |     uint8_t rx_dummy[2] = {0xFF, 0xFF};
      |             ^~~~~~~~
../Core/Src/main.c:114:13: warning: unused variable 'dummy_rx' [-Wunused-variable]
  114 |     uint8_t dummy_rx[3];
      |             ^~~~~~~~
../Core/Src/main.c:113:13: warning: unused variable 'tx_data' [-Wunused-variable]
  113 |     uint8_t tx_data[3];
      |             ^~~~~~~
../Core/Src/main.c: At top level:
../Core/Src/main.c:72:17: warning: 'encode_data' defined but not used [-Wunused-function]
   72 | static uint32_t encode_data(float voltage, uint16_t speed) {
      |                 ^~~~~~~~~~~
arm-none-eabi-gcc -o "T3_star2_SLAVE.elf" @"objects.list"   -mcpu=cortex-m3 -T"E:\embedded\stm32\STM_IDE_path\STM_projects\T3_star2_SLAVE\STM32F103C6TX_FLASH.ld" --specs=nosys.specs -Wl,-Map="T3_star2_SLAVE.map" -Wl,--gc-sections -static --specs=nano.specs -mfloat-abi=soft -mthumb -Wl,--start-group -lc -lm -Wl,--end-group
Finished building target: T3_star2_SLAVE.elf
 
arm-none-eabi-size  T3_star2_SLAVE.elf 
arm-none-eabi-objdump -h -S T3_star2_SLAVE.elf  > "T3_star2_SLAVE.list"
   text	   data	    bss	    dec	    hex	filename
   7392	     72	   1656	   9120	   23a0	T3_star2_SLAVE.elf
arm-none-eabi-objcopy  -O ihex T3_star2_SLAVE.elf  "T3_star2_SLAVE.hex"
Finished building: default.size.stdout
 
Finished building: T3_star2_SLAVE.hex
 
Finished building: T3_star2_SLAVE.list
 
21:37:35 **** Incremental Build of configuration Debug for project TASK3 ****
make -j16 all 
arm-none-eabi-size  TASK3.elf 
   text	   data	    bss	    dec	    hex	filename
  11856	     92	   2020	  13968	   3690	TASK3.elf
Finished building: default.size.stdout
 
