21:37:34 **** Incremental Build of configuration Debug for project T3_star2_SLAVE ****
make -j16 all 
arm-none-eabi-gcc "../Core/Src/main.c" -mcpu=cortex-m3 -std=gnu11 -g3 -DDEBUG -DUSE_HAL_DRIVER -DSTM32F103x6 -c -I../Core/Inc -I../Drivers/STM32F1xx_HAL_Driver/Inc/Legacy -I../Drivers/STM32F1xx_HAL_Driver/Inc -I../Drivers/CMSIS/Device/ST/STM32F1xx/Include -I../Drivers/CMSIS/Include -O0 -ffunction-sections -fdata-sections -Wall -fstack-usage -fcyclomatic-complexity -MMD -MP -MF"Core/Src/main.d" -MT"Core/Src/main.o" --specs=nano.specs -mfloat-abi=soft -mthumb -o "Core/Src/main.o"
../Core/Src/main.c: In function 'main':
../Core/Src/main.c:116:13: warning: unused variable 'rx_dummy' [-Wunused-variable]
  116 |     uint8_t rx_dummy[2] = {0xFF, 0xFF};
      |             ^~~~~~~~
../Core/Src/main.c:114:13: warning: unused variable 'dummy_rx' [-Wunused-variable]
  114 |     uint8_t dummy_rx[3];
      |             ^~~~~~~~
../Core/Src/main.c:113:13: warning: unused variable 'tx_data' [-Wunused-variable]
  113 |     uint8_t tx_data[3];
      |             ^~~~~~~
../Core/Src/main.c: At top level:
../Core/Src/main.c:72:17: warning: 'encode_data' defined but not used [-Wunused-function]
   72 | static uint32_t encode_data(float voltage, uint16_t speed) {
      |                 ^~~~~~~~~~~
arm-none-eabi-gcc -o "T3_star2_SLAVE.elf" @"objects.list"   -mcpu=cortex-m3 -T"E:\embedded\stm32\STM_IDE_path\STM_projects\T3_star2_SLAVE\STM32F103C6TX_FLASH.ld" --specs=nosys.specs -Wl,-Map="T3_star2_SLAVE.map" -Wl,--gc-sections -static --specs=nano.specs -mfloat-abi=soft -mthumb -Wl,--start-group -lc -lm -Wl,--end-group
Finished building target: T3_star2_SLAVE.elf
 
arm-none-eabi-size  T3_star2_SLAVE.elf 
arm-none-eabi-objdump -h -S T3_star2_SLAVE.elf  > "T3_star2_SLAVE.list"
   text	   data	    bss	    dec	    hex	filename
   7392	     72	   1656	   9120	   23a0	T3_star2_SLAVE.elf
arm-none-eabi-objcopy  -O ihex T3_star2_SLAVE.elf  "T3_star2_SLAVE.hex"
Finished building: default.size.stdout
 
Finished building: T3_star2_SLAVE.hex
 
Finished building: T3_star2_SLAVE.list
 

21:37:35 Build Finished. 0 errors, 4 warnings. (took 439ms)

