Archive member included to satisfy reference by file (symbol)

E:/embedded/stm32/New folder/STM32CubeIDE/plugins/com.st.stm32cube.ide.mcu.externaltools.gnu-tools-for-stm32.13.3.rel1.win32_1.0.0.202411081344/tools/bin/../lib/gcc/arm-none-eabi/13.3.1/../../../../arm-none-eabi/lib/thumb/v7-m/nofp\libc_nano.a(libc_a-exit.o)
                              E:/embedded/stm32/New folder/STM32CubeIDE/plugins/com.st.stm32cube.ide.mcu.externaltools.gnu-tools-for-stm32.13.3.rel1.win32_1.0.0.202411081344/tools/bin/../lib/gcc/arm-none-eabi/13.3.1/../../../../arm-none-eabi/lib/thumb/v7-m/nofp/crt0.o (exit)
E:/embedded/stm32/New folder/STM32CubeIDE/plugins/com.st.stm32cube.ide.mcu.externaltools.gnu-tools-for-stm32.13.3.rel1.win32_1.0.0.202411081344/tools/bin/../lib/gcc/arm-none-eabi/13.3.1/../../../../arm-none-eabi/lib/thumb/v7-m/nofp\libc_nano.a(libc_a-findfp.o)
                              E:/embedded/stm32/New folder/STM32CubeIDE/plugins/com.st.stm32cube.ide.mcu.externaltools.gnu-tools-for-stm32.13.3.rel1.win32_1.0.0.202411081344/tools/bin/../lib/gcc/arm-none-eabi/13.3.1/../../../../arm-none-eabi/lib/thumb/v7-m/nofp\libc_nano.a(libc_a-exit.o) (__stdio_exit_handler)
E:/embedded/stm32/New folder/STM32CubeIDE/plugins/com.st.stm32cube.ide.mcu.externaltools.gnu-tools-for-stm32.13.3.rel1.win32_1.0.0.202411081344/tools/bin/../lib/gcc/arm-none-eabi/13.3.1/../../../../arm-none-eabi/lib/thumb/v7-m/nofp\libc_nano.a(libc_a-fwalk.o)
                              E:/embedded/stm32/New folder/STM32CubeIDE/plugins/com.st.stm32cube.ide.mcu.externaltools.gnu-tools-for-stm32.13.3.rel1.win32_1.0.0.202411081344/tools/bin/../lib/gcc/arm-none-eabi/13.3.1/../../../../arm-none-eabi/lib/thumb/v7-m/nofp\libc_nano.a(libc_a-findfp.o) (_fwalk_sglue)
E:/embedded/stm32/New folder/STM32CubeIDE/plugins/com.st.stm32cube.ide.mcu.externaltools.gnu-tools-for-stm32.13.3.rel1.win32_1.0.0.202411081344/tools/bin/../lib/gcc/arm-none-eabi/13.3.1/../../../../arm-none-eabi/lib/thumb/v7-m/nofp\libc_nano.a(libc_a-stdio.o)
                              E:/embedded/stm32/New folder/STM32CubeIDE/plugins/com.st.stm32cube.ide.mcu.externaltools.gnu-tools-for-stm32.13.3.rel1.win32_1.0.0.202411081344/tools/bin/../lib/gcc/arm-none-eabi/13.3.1/../../../../arm-none-eabi/lib/thumb/v7-m/nofp\libc_nano.a(libc_a-findfp.o) (__sread)
E:/embedded/stm32/New folder/STM32CubeIDE/plugins/com.st.stm32cube.ide.mcu.externaltools.gnu-tools-for-stm32.13.3.rel1.win32_1.0.0.202411081344/tools/bin/../lib/gcc/arm-none-eabi/13.3.1/../../../../arm-none-eabi/lib/thumb/v7-m/nofp\libc_nano.a(libc_a-memset.o)
                              E:/embedded/stm32/New folder/STM32CubeIDE/plugins/com.st.stm32cube.ide.mcu.externaltools.gnu-tools-for-stm32.13.3.rel1.win32_1.0.0.202411081344/tools/bin/../lib/gcc/arm-none-eabi/13.3.1/../../../../arm-none-eabi/lib/thumb/v7-m/nofp/crt0.o (memset)
E:/embedded/stm32/New folder/STM32CubeIDE/plugins/com.st.stm32cube.ide.mcu.externaltools.gnu-tools-for-stm32.13.3.rel1.win32_1.0.0.202411081344/tools/bin/../lib/gcc/arm-none-eabi/13.3.1/../../../../arm-none-eabi/lib/thumb/v7-m/nofp\libc_nano.a(libc_a-closer.o)
                              E:/embedded/stm32/New folder/STM32CubeIDE/plugins/com.st.stm32cube.ide.mcu.externaltools.gnu-tools-for-stm32.13.3.rel1.win32_1.0.0.202411081344/tools/bin/../lib/gcc/arm-none-eabi/13.3.1/../../../../arm-none-eabi/lib/thumb/v7-m/nofp\libc_nano.a(libc_a-stdio.o) (_close_r)
E:/embedded/stm32/New folder/STM32CubeIDE/plugins/com.st.stm32cube.ide.mcu.externaltools.gnu-tools-for-stm32.13.3.rel1.win32_1.0.0.202411081344/tools/bin/../lib/gcc/arm-none-eabi/13.3.1/../../../../arm-none-eabi/lib/thumb/v7-m/nofp\libc_nano.a(libc_a-reent.o)
                              E:/embedded/stm32/New folder/STM32CubeIDE/plugins/com.st.stm32cube.ide.mcu.externaltools.gnu-tools-for-stm32.13.3.rel1.win32_1.0.0.202411081344/tools/bin/../lib/gcc/arm-none-eabi/13.3.1/../../../../arm-none-eabi/lib/thumb/v7-m/nofp\libc_nano.a(libc_a-closer.o) (errno)
E:/embedded/stm32/New folder/STM32CubeIDE/plugins/com.st.stm32cube.ide.mcu.externaltools.gnu-tools-for-stm32.13.3.rel1.win32_1.0.0.202411081344/tools/bin/../lib/gcc/arm-none-eabi/13.3.1/../../../../arm-none-eabi/lib/thumb/v7-m/nofp\libc_nano.a(libc_a-impure.o)
                              E:/embedded/stm32/New folder/STM32CubeIDE/plugins/com.st.stm32cube.ide.mcu.externaltools.gnu-tools-for-stm32.13.3.rel1.win32_1.0.0.202411081344/tools/bin/../lib/gcc/arm-none-eabi/13.3.1/../../../../arm-none-eabi/lib/thumb/v7-m/nofp\libc_nano.a(libc_a-reent.o) (_impure_ptr)
E:/embedded/stm32/New folder/STM32CubeIDE/plugins/com.st.stm32cube.ide.mcu.externaltools.gnu-tools-for-stm32.13.3.rel1.win32_1.0.0.202411081344/tools/bin/../lib/gcc/arm-none-eabi/13.3.1/../../../../arm-none-eabi/lib/thumb/v7-m/nofp\libc_nano.a(libc_a-lseekr.o)
[...]
Memory Configuration

Name             Origin             Length             Attributes
RAM              0x20000000         0x00002800         xrw
FLASH            0x08000000         0x00008000         xr
*default*        0x00000000         0xffffffff

Linker script and memory map

LOAD E:/embedded/stm32/New folder/STM32CubeIDE/plugins/com.st.stm32cube.ide.mcu.externaltools.gnu-tools-for-stm32.13.3.rel1.win32_1.0.0.202411081344/tools/bin/../lib/gcc/arm-none-eabi/13.3.1/thumb/v7-m/nofp/crti.o
LOAD E:/embedded/stm32/New folder/STM32CubeIDE/plugins/com.st.stm32cube.ide.mcu.externaltools.gnu-tools-for-stm32.13.3.rel1.win32_1.0.0.202411081344/tools/bin/../lib/gcc/arm-none-eabi/13.3.1/thumb/v7-m/nofp/crtbegin.o
LOAD E:/embedded/stm32/New folder/STM32CubeIDE/plugins/com.st.stm32cube.ide.mcu.externaltools.gnu-tools-for-stm32.13.3.rel1.win32_1.0.0.202411081344/tools/bin/../lib/gcc/arm-none-eabi/13.3.1/../../../../arm-none-eabi/lib/thumb/v7-m/nofp/crt0.o
LOAD ./Core/Src/main.o
LOAD ./Core/Src/stm32f1xx_hal_msp.o
LOAD ./Core/Src/stm32f1xx_it.o
LOAD ./Core/Src/syscalls.o
LOAD ./Core/Src/sysmem.o
LOAD ./Core/Src/system_stm32f1xx.o
LOAD ./Core/Startup/startup_stm32f103c6tx.o
LOAD ./Drivers/STM32F1xx_HAL_Driver/Src/stm32f1xx_hal.o
LOAD ./Drivers/STM32F1xx_HAL_Driver/Src/stm32f1xx_hal_cortex.o
LOAD ./Drivers/STM32F1xx_HAL_Driver/Src/stm32f1xx_hal_dma.o
LOAD ./Drivers/STM32F1xx_HAL_Driver/Src/stm32f1xx_hal_exti.o
LOAD ./Drivers/STM32F1xx_HAL_Driver/Src/stm32f1xx_hal_flash.o
LOAD ./Drivers/STM32F1xx_HAL_Driver/Src/stm32f1xx_hal_flash_ex.o
LOAD ./Drivers/STM32F1xx_HAL_Driver/Src/stm32f1xx_hal_gpio.o
LOAD ./Drivers/STM32F1xx_HAL_Driver/Src/stm32f1xx_hal_gpio_ex.o
LOAD ./Drivers/STM32F1xx_HAL_Driver/Src/stm32f1xx_hal_pwr.o
LOAD ./Drivers/STM32F1xx_HAL_Driver/Src/stm32f1xx_hal_rcc.o
LOAD ./Drivers/STM32F1xx_HAL_Driver/Src/stm32f1xx_hal_rcc_ex.o
LOAD ./Drivers/STM32F1xx_HAL_Driver/Src/stm32f1xx_hal_spi.o
START GROUP
LOAD E:/embedded/stm32/New folder/STM32CubeIDE/plugins/com.st.stm32cube.ide.mcu.externaltools.gnu-tools-for-stm32.13.3.rel1.win32_1.0.0.202411081344/tools/bin/../lib/gcc/arm-none-eabi/13.3.1/../../../../arm-none-eabi/lib/thumb/v7-m/nofp\libc_nano.a
LOAD E:/embedded/stm32/New folder/STM32CubeIDE/plugins/com.st.stm32cube.ide.mcu.externaltools.gnu-tools-for-stm32.13.3.rel1.win32_1.0.0.202411081344/tools/bin/../lib/gcc/arm-none-eabi/13.3.1/../../../../arm-none-eabi/lib/thumb/v7-m/nofp\libm.a
END GROUP
START GROUP
LOAD E:/embedded/stm32/New folder/STM32CubeIDE/plugins/com.st.stm32cube.ide.mcu.externaltools.gnu-tools-for-stm32.13.3.rel1.win32_1.0.0.202411081344/tools/bin/../lib/gcc/arm-none-eabi/13.3.1/thumb/v7-m/nofp\libgcc.a
LOAD E:/embedded/stm32/New folder/STM32CubeIDE/plugins/com.st.stm32cube.ide.mcu.externaltools.gnu-tools-for-stm32.13.3.rel1.win32_1.0.0.202411081344/tools/bin/../lib/gcc/arm-none-eabi/13.3.1/../../../../arm-none-eabi/lib/thumb/v7-m/nofp\libc_nano.a
END GROUP
START GROUP
LOAD E:/embedded/stm32/New folder/STM32CubeIDE/plugins/com.st.stm32cube.ide.mcu.externaltools.gnu-tools-for-stm32.13.3.rel1.win32_1.0.0.202411081344/tools/bin/../lib/gcc/arm-none-eabi/13.3.1/thumb/v7-m/nofp\libgcc.a
LOAD E:/embedded/stm32/New folder/STM32CubeIDE/plugins/com.st.stm32cube.ide.mcu.externaltools.gnu-tools-for-stm32.13.3.rel1.win32_1.0.0.202411081344/tools/bin/../lib/gcc/arm-none-eabi/13.3.1/../../../../arm-none-eabi/lib/thumb/v7-m/nofp\libc_nano.a
LOAD E:/embedded/stm32/New folder/STM32CubeIDE/plugins/com.st.stm32cube.ide.mcu.externaltools.gnu-tools-for-stm32.13.3.rel1.win32_1.0.0.202411081344/tools/bin/../lib/gcc/arm-none-eabi/13.3.1/../../../../arm-none-eabi/lib/thumb/v7-m/nofp\libnosys.a
END GROUP
START GROUP
LOAD E:/embedded/stm32/New folder/STM32CubeIDE/plugins/com.st.stm32cube.ide.mcu.externaltools.gnu-tools-for-stm32.13.3.rel1.win32_1.0.0.202411081344/tools/bin/../lib/gcc/arm-none-eabi/13.3.1/thumb/v7-m/nofp\libgcc.a
LOAD E:/embedded/stm32/New folder/STM32CubeIDE/plugins/com.st.stm32cube.ide.mcu.externaltools.gnu-tools-for-stm32.13.3.rel1.win32_1.0.0.202411081344/tools/bin/../lib/gcc/arm-none-eabi/13.3.1/../../../../arm-none-eabi/lib/thumb/v7-m/nofp\libc_nano.a
LOAD E:/embedded/stm32/New folder/STM32CubeIDE/plugins/com.st.stm32cube.ide.mcu.externaltools.gnu-tools-for-stm32.13.3.rel1.win32_1.0.0.202411081344/tools/bin/../lib/gcc/arm-none-eabi/13.3.1/../../../../arm-none-eabi/lib/thumb/v7-m/nofp\libnosys.a
END GROUP
LOAD E:/embedded/stm32/New folder/STM32CubeIDE/plugins/com.st.stm32cube.ide.mcu.externaltools.gnu-tools-for-stm32.13.3.rel1.win32_1.0.0.202411081344/tools/bin/../lib/gcc/arm-none-eabi/13.3.1/thumb/v7-m/nofp/crtend.o
LOAD E:/embedded/stm32/New folder/STM32CubeIDE/plugins/com.st.stm32cube.ide.mcu.externaltools.gnu-tools-for-stm32.13.3.rel1.win32_1.0.0.202411081344/tools/bin/../lib/gcc/arm-none-eabi/13.3.1/thumb/v7-m/nofp/crtn.o
                0x20002800                        _estack = (ORIGIN (RAM) + LENGTH (RAM))
                0x00000200                        _Min_Heap_Size = 0x200
                0x00000400                        _Min_Stack_Size = 0x400

.isr_vector     0x08000000      0x10c
                0x08000000                        . = ALIGN (0x4)
 *(.isr_vector)
 .isr_vector    0x08000000      0x10c ./Core/Startup/startup_stm32f103c6tx.o
                0x08000000                g_pfnVectors
                0x0800010c                        . = ALIGN (0x4)

.text           0x0800010c     0x1ba8
                0x0800010c                        . = ALIGN (0x4)
 *(.text)
 .text          0x0800010c       0x40 E:/embedded/stm32/New folder/STM32CubeIDE/plugins/com.st.stm32cube.ide.mcu.externaltools.gnu-tools-for-stm32.13.3.rel1.win32_1.0.0.202411081344/tools/bin/../lib/gcc/arm-none-eabi/13.3.1/thumb/v7-m/nofp/crtbegin.o
 .text          0x0800014c      0x168 E:/embedded/stm32/New folder/STM32CubeIDE/plugins/com.st.stm32cube.ide.mcu.externaltools.gnu-tools-for-stm32.13.3.rel1.win32_1.0.0.202411081344/tools/bin/../lib/gcc/arm-none-eabi/13.3.1/thumb/v7-m/nofp\libgcc.a(_arm_mulsf3.o)
                0x0800014c                __aeabi_fmul
                0x0800014c                __mulsf3
 .text          0x080002b4       0x40 E:/embedded/stm32/New folder/STM32CubeIDE/plugins/com.st.stm32cube.ide.mcu.externaltools.gnu-tools-for-stm32.13.3.rel1.win32_1.0.0.202411081344/tools/bin/../lib/gcc/arm-none-eabi/13.3.1/thumb/v7-m/nofp\libgcc.a(_arm_fixunssfsi.o)
                0x080002b4                __fixunssfsi
                0x080002b4                __aeabi_f2uiz
 *(.text*)
 .text.main     0x080002f4       0xfc ./Core/Src/main.o
                0x080002f4                main
 .text.SystemClock_Config
                0x080003f0       0x76 ./Core/Src/main.o
                0x080003f0                SystemClock_Config
 *fill*         0x08000466        0x2 
 .text.MX_SPI1_Init
                0x08000468       0x64 ./Core/Src/main.o
 .text.MX_GPIO_Init
                0x080004cc       0x2c ./Core/Src/main.o
 .text.Error_Handler
                0x080004f8        0xc ./Core/Src/main.o
                0x080004f8                Error_Handler
 .text.HAL_MspInit
                0x08000504       0x64 ./Core/Src/stm32f1xx_hal_msp.o
                0x08000504                HAL_MspInit
 .text.HAL_SPI_MspInit
                0x08000568       0x94 ./Core/Src/stm32f1xx_hal_msp.o
                0x08000568                HAL_SPI_MspInit
 .text.NMI_Handler
                0x080005fc        0x8 ./Core/Src/stm32f1xx_it.o
                0x080005fc                NMI_Handler
 .text.HardFault_Handler
                0x08000604        0x8 ./Core/Src/stm32f1xx_it.o
                0x08000604                HardFault_Handler
 .text.MemManage_Handler
                0x0800060c        0x8 ./Core/Src/stm32f1xx_it.o
                0x0800060c                MemManage_Handler
 .text.BusFault_Handler
                0x08000614        0x8 ./Core/Src/stm32f1xx_it.o
                0x08000614                BusFault_Handler
 .text.UsageFault_Handler
                0x0800061c        0x8 ./Core/Src/stm32f1xx_it.o
                0x0800061c                UsageFault_Handler
 .text.SVC_Handler
                0x08000624        0xc ./Core/Src/stm32f1xx_it.o
                0x08000624                SVC_Handler
 .text.DebugMon_Handler
                0x08000630        0xc ./Core/Src/stm32f1xx_it.o
                0x08000630                DebugMon_Handler
 .text.PendSV_Handler
                0x0800063c        0xc ./Core/Src/stm32f1xx_it.o
                0x0800063c                PendSV_Handler
 .text.SysTick_Handler
                0x08000648        0xc ./Core/Src/stm32f1xx_it.o
                0x08000648                SysTick_Handler
 .text.SystemInit
                0x08000654        0xc ./Core/Src/system_stm32f1xx.o
                0x08000654                SystemInit
 .text.Reset_Handler
                0x08000660       0x48 ./Core/Startup/startup_stm32f103c6tx.o
                0x08000660                Reset_Handler
 .text.Default_Handler
                0x080006a8        0x2 ./Core/Startup/startup_stm32f103c6tx.o
                0x080006a8                RTC_Alarm_IRQHandler
                0x080006a8                EXTI2_IRQHandler
                0x080006a8                TIM1_CC_IRQHandler
                0x080006a8                PVD_IRQHandler
                0x080006a8                EXTI3_IRQHandler
                0x080006a8                EXTI0_IRQHandler
                0x080006a8                ADC1_2_IRQHandler
                0x080006a8                SPI1_IRQHandler
                0x080006a8                TAMPER_IRQHandler
                0x080006a8                DMA1_Channel4_IRQHandler
                0x080006a8                RTC_IRQHandler
                0x080006a8                DMA1_Channel7_IRQHandler
                0x080006a8                CAN1_RX1_IRQHandler
                0x080006a8                I2C1_EV_IRQHandler
                0x080006a8                DMA1_Channel6_IRQHandler
                0x080006a8                TIM3_IRQHandler
                0x080006a8                RCC_IRQHandler
                0x080006a8                TIM1_TRG_COM_IRQHandler
                0x080006a8                DMA1_Channel1_IRQHandler
                0x080006a8                Default_Handler
                0x080006a8                EXTI15_10_IRQHandler
                0x080006a8                EXTI9_5_IRQHandler
                0x080006a8                DMA1_Channel5_IRQHandler
                0x080006a8                EXTI4_IRQHandler
                0x080006a8                USB_LP_CAN1_RX0_IRQHandler
                0x080006a8                USB_HP_CAN1_TX_IRQHandler
                0x080006a8                DMA1_Channel3_IRQHandler
                0x080006a8                TIM1_UP_IRQHandler
                0x080006a8                WWDG_IRQHandler
                0x080006a8                TIM2_IRQHandler
                0x080006a8                TIM1_BRK_IRQHandler
                0x080006a8                EXTI1_IRQHandler
                0x080006a8                USART2_IRQHandler
                0x080006a8                DMA1_Channel2_IRQHandler
                0x080006a8                CAN1_SCE_IRQHandler
                0x080006a8                FLASH_IRQHandler
                0x080006a8                USART1_IRQHandler
                0x080006a8                I2C1_ER_IRQHandler
                0x080006a8                USBWakeUp_IRQHandler
 *fill*         0x080006aa        0x2 
 .text.HAL_Init
                0x080006ac       0x2c ./Drivers/STM32F1xx_HAL_Driver/Src/stm32f1xx_hal.o
                0x080006ac                HAL_Init
 .text.HAL_InitTick
                0x080006d8       0x60 ./Drivers/STM32F1xx_HAL_Driver/Src/stm32f1xx_hal.o
                0x080006d8                HAL_InitTick
 .text.HAL_IncTick
                0x08000738       0x24 ./Drivers/STM32F1xx_HAL_Driver/Src/stm32f1xx_hal.o
                0x08000738                HAL_IncTick
 .text.HAL_GetTick
                0x0800075c       0x14 ./Drivers/STM32F1xx_HAL_Driver/Src/stm32f1xx_hal.o
                0x0800075c                HAL_GetTick
 .text.__NVIC_SetPriorityGrouping
                0x08000770       0x48 ./Drivers/STM32F1xx_HAL_Driver/Src/stm32f1xx_hal_cortex.o
 .text.__NVIC_GetPriorityGrouping
                0x080007b8       0x1c ./Drivers/STM32F1xx_HAL_Driver/Src/stm32f1xx_hal_cortex.o
 .text.__NVIC_SetPriority
                0x080007d4       0x54 ./Drivers/STM32F1xx_HAL_Driver/Src/stm32f1xx_hal_cortex.o
 .text.NVIC_EncodePriority
                0x08000828       0x64 ./Drivers/STM32F1xx_HAL_Driver/Src/stm32f1xx_hal_cortex.o
 .text.SysTick_Config
                0x0800088c       0x44 ./Drivers/STM32F1xx_HAL_Driver/Src/stm32f1xx_hal_cortex.o
 .text.HAL_NVIC_SetPriorityGrouping
                0x080008d0       0x16 ./Drivers/STM32F1xx_HAL_Driver/Src/stm32f1xx_hal_cortex.o
                0x080008d0                HAL_NVIC_SetPriorityGrouping
 .text.HAL_NVIC_SetPriority
                0x080008e6       0x38 ./Drivers/STM32F1xx_HAL_Driver/Src/stm32f1xx_hal_cortex.o
                0x080008e6                HAL_NVIC_SetPriority
 .text.HAL_SYSTICK_Config
                0x0800091e       0x18 ./Drivers/STM32F1xx_HAL_Driver/Src/stm32f1xx_hal_cortex.o
                0x0800091e                HAL_SYSTICK_Config
 *fill*         0x08000936        0x2 
 .text.HAL_GPIO_Init
                0x08000938      0x2f8 ./Drivers/STM32F1xx_HAL_Driver/Src/stm32f1xx_hal_gpio.o
                0x08000938                HAL_GPIO_Init
 .text.HAL_RCC_OscConfig
                0x08000c30      0x504 ./Drivers/STM32F1xx_HAL_Driver/Src/stm32f1xx_hal_rcc.o
                0x08000c30                HAL_RCC_OscConfig
 .text.HAL_RCC_ClockConfig
                0x08001134      0x1d4 ./Drivers/STM32F1xx_HAL_Driver/Src/stm32f1xx_hal_rcc.o
                0x08001134                HAL_RCC_ClockConfig
 .text.HAL_RCC_GetSysClockFreq
                0x08001308       0xa8 ./Drivers/STM32F1xx_HAL_Driver/Src/stm32f1xx_hal_rcc.o
                0x08001308                HAL_RCC_GetSysClockFreq
 .text.RCC_Delay
                0x080013b0       0x3c ./Drivers/STM32F1xx_HAL_Driver/Src/stm32f1xx_hal_rcc.o
 .text.HAL_SPI_Init
                0x080013ec      0x108 ./Drivers/STM32F1xx_HAL_Driver/Src/stm32f1xx_hal_spi.o
                0x080013ec                HAL_SPI_Init
 .text.HAL_SPI_Transmit
                0x080014f4      0x288 ./Drivers/STM32F1xx_HAL_Driver/Src/stm32f1xx_hal_spi.o
                0x080014f4                HAL_SPI_Transmit
 .text.HAL_SPI_TransmitReceive
                0x0800177c      0x352 ./Drivers/STM32F1xx_HAL_Driver/Src/stm32f1xx_hal_spi.o
                0x0800177c                HAL_SPI_TransmitReceive
 *fill*         0x08001ace        0x2 
 .text.SPI_WaitFlagStateUntilTimeout
                0x08001ad0      0x110 ./Drivers/STM32F1xx_HAL_Driver/Src/stm32f1xx_hal_spi.o
 .text.SPI_EndRxTxTransaction
                0x08001be0       0x62 ./Drivers/STM32F1xx_HAL_Driver/Src/stm32f1xx_hal_spi.o
 .text.memset   0x08001c42       0x10 E:/embedded/stm32/New folder/STM32CubeIDE/plugins/com.st.stm32cube.ide.mcu.externaltools.gnu-tools-for-stm32.13.3.rel1.win32_1.0.0.202411081344/tools/bin/../lib/gcc/arm-none-eabi/13.3.1/../../../../arm-none-eabi/lib/thumb/v7-m/nofp\libc_nano.a(libc_a-memset.o)
                0x08001c42                memset
 *fill*         0x08001c52        0x2 
 .text.__libc_init_array
                0x08001c54       0x48 E:/embedded/stm32/New folder/STM32CubeIDE/plugins/com.st.stm32cube.ide.mcu.externaltools.gnu-tools-for-stm32.13.3.rel1.win32_1.0.0.202411081344/tools/bin/../lib/gcc/arm-none-eabi/13.3.1/../../../../arm-none-eabi/lib/thumb/v7-m/nofp\libc_nano.a(libc_a-init.o)
                0x08001c54                __libc_init_array
 *(.glue_7)
 .glue_7        0x08001c9c        0x0 linker stubs
 *(.glue_7t)
 .glue_7t       0x08001c9c        0x0 linker stubs
 *(.eh_frame)
 .eh_frame      0x08001c9c        0x0 E:/embedded/stm32/New folder/STM32CubeIDE/plugins/com.st.stm32cube.ide.mcu.externaltools.gnu-tools-for-stm32.13.3.rel1.win32_1.0.0.202411081344/tools/bin/../lib/gcc/arm-none-eabi/13.3.1/thumb/v7-m/nofp/crtbegin.o
 *(.init)
 .init          0x08001c9c        0x4 E:/embedded/stm32/New folder/STM32CubeIDE/plugins/com.st.stm32cube.ide.mcu.externaltools.gnu-tools-for-stm32.13.3.rel1.win32_1.0.0.202411081344/tools/bin/../lib/gcc/arm-none-eabi/13.3.1/thumb/v7-m/nofp/crti.o
                0x08001c9c                _init
 .init          0x08001ca0        0x8 E:/embedded/stm32/New folder/STM32CubeIDE/plugins/com.st.stm32cube.ide.mcu.externaltools.gnu-tools-for-stm32.13.3.rel1.win32_1.0.0.202411081344/tools/bin/../lib/gcc/arm-none-eabi/13.3.1/thumb/v7-m/nofp/crtn.o
 *(.fini)
 .fini          0x08001ca8        0x4 E:/embedded/stm32/New folder/STM32CubeIDE/plugins/com.st.stm32cube.ide.mcu.externaltools.gnu-tools-for-stm32.13.3.rel1.win32_1.0.0.202411081344/tools/bin/../lib/gcc/arm-none-eabi/13.3.1/thumb/v7-m/nofp/crti.o
                0x08001ca8                _fini
 .fini          0x08001cac        0x8 E:/embedded/stm32/New folder/STM32CubeIDE/plugins/com.st.stm32cube.ide.mcu.externaltools.gnu-tools-for-stm32.13.3.rel1.win32_1.0.0.202411081344/tools/bin/../lib/gcc/arm-none-eabi/13.3.1/thumb/v7-m/nofp/crtn.o
                0x08001cb4                        . = ALIGN (0x4)
                0x08001cb4                        _etext = .

.vfp11_veneer   0x08001cb4        0x0
 .vfp11_veneer  0x08001cb4        0x0 linker stubs

.v4_bx          0x08001cb4        0x0
 .v4_bx         0x08001cb4        0x0 linker stubs

.iplt           0x08001cb4        0x0
 .iplt          0x08001cb4        0x0 E:/embedded/stm32/New folder/STM32CubeIDE/plugins/com.st.stm32cube.ide.mcu.externaltools.gnu-tools-for-stm32.13.3.rel1.win32_1.0.0.202411081344/tools/bin/../lib/gcc/arm-none-eabi/13.3.1/thumb/v7-m/nofp/crtbegin.o

.rodata         0x08001cb4       0x24
                0x08001cb4                        . = ALIGN (0x4)
 *(.rodata)
 *(.rodata*)
 .rodata.AHBPrescTable
                0x08001cb4       0x10 ./Core/Src/system_stm32f1xx.o
                0x08001cb4                AHBPrescTable
 .rodata.aPLLMULFactorTable.1
                0x08001cc4       0x10 ./Drivers/STM32F1xx_HAL_Driver/Src/stm32f1xx_hal_rcc.o
 .rodata.aPredivFactorTable.0
                0x08001cd4        0x2 ./Drivers/STM32F1xx_HAL_Driver/Src/stm32f1xx_hal_rcc.o
                0x08001cd8                        . = ALIGN (0x4)
 *fill*         0x08001cd6        0x2 

.ARM.extab      0x08001cd8        0x0
                0x08001cd8                        . = ALIGN (0x4)
 *(.ARM.extab* .gnu.linkonce.armextab.*)
                0x08001cd8                        . = ALIGN (0x4)

.ARM            0x08001cd8        0x0
                0x08001cd8                        . = ALIGN (0x4)
                0x08001cd8                        __exidx_start = .
 *(.ARM.exidx*)
                0x08001cd8                        __exidx_end = .
                0x08001cd8                        . = ALIGN (0x4)

.preinit_array  0x08001cd8        0x0
                0x08001cd8                        . = ALIGN (0x4)
                0x08001cd8                        PROVIDE (__preinit_array_start = .)
 *(.preinit_array*)
                0x08001cd8                        PROVIDE (__preinit_array_end = .)
                0x08001cd8                        . = ALIGN (0x4)

.init_array     0x08001cd8        0x4
                0x08001cd8                        . = ALIGN (0x4)
                0x08001cd8                        PROVIDE (__init_array_start = .)
 *(SORT_BY_NAME(.init_array.*))
 *(.init_array*)
 .init_array    0x08001cd8        0x4 E:/embedded/stm32/New folder/STM32CubeIDE/plugins/com.st.stm32cube.ide.mcu.externaltools.gnu-tools-for-stm32.13.3.rel1.win32_1.0.0.202411081344/tools/bin/../lib/gcc/arm-none-eabi/13.3.1/thumb/v7-m/nofp/crtbegin.o
                0x08001cdc                        PROVIDE (__init_array_end = .)
                0x08001cdc                        . = ALIGN (0x4)

.fini_array     0x08001cdc        0x4
                0x08001cdc                        . = ALIGN (0x4)
                [!provide]                        PROVIDE (__fini_array_start = .)
 *(SORT_BY_NAME(.fini_array.*))
 *(.fini_array*)
 .fini_array    0x08001cdc        0x4 E:/embedded/stm32/New folder/STM32CubeIDE/plugins/com.st.stm32cube.ide.mcu.externaltools.gnu-tools-for-stm32.13.3.rel1.win32_1.0.0.202411081344/tools/bin/../lib/gcc/arm-none-eabi/13.3.1/thumb/v7-m/nofp/crtbegin.o
                [!provide]                        PROVIDE (__fini_array_end = .)
                0x08001ce0                        . = ALIGN (0x4)
                0x08001ce0                        _sidata = LOADADDR (.data)

.rel.dyn        0x08001ce0        0x0
 .rel.iplt      0x08001ce0        0x0 E:/embedded/stm32/New folder/STM32CubeIDE/plugins/com.st.stm32cube.ide.mcu.externaltools.gnu-tools-for-stm32.13.3.rel1.win32_1.0.0.202411081344/tools/bin/../lib/gcc/arm-none-eabi/13.3.1/thumb/v7-m/nofp/crtbegin.o

.data           0x20000000       0x48 load address 0x08001ce0
                0x20000000                        . = ALIGN (0x4)
                0x20000000                        _sdata = .
 *(.data)
 *(.data*)
 .data.cases    0x20000000       0x3c ./Core/Src/main.o
                0x20000000                cases
 .data.SystemCoreClock
                0x2000003c        0x4 ./Core/Src/system_stm32f1xx.o
                0x2000003c                SystemCoreClock
 .data.uwTickPrio
                0x20000040        0x4 ./Drivers/STM32F1xx_HAL_Driver/Src/stm32f1xx_hal.o
                0x20000040                uwTickPrio
 .data.uwTickFreq
                0x20000044        0x1 ./Drivers/STM32F1xx_HAL_Driver/Src/stm32f1xx_hal.o
                0x20000044                uwTickFreq
 *(.RamFunc)
 *(.RamFunc*)
                0x20000048                        . = ALIGN (0x4)
 *fill*         0x20000045        0x3 
                0x20000048                        _edata = .

.igot.plt       0x20000048        0x0 load address 0x08001d28
 .igot.plt      0x20000048        0x0 E:/embedded/stm32/New folder/STM32CubeIDE/plugins/com.st.stm32cube.ide.mcu.externaltools.gnu-tools-for-stm32.13.3.rel1.win32_1.0.0.202411081344/tools/bin/../lib/gcc/arm-none-eabi/13.3.1/thumb/v7-m/nofp/crtbegin.o
                0x20000048                        . = ALIGN (0x4)

.bss            0x20000048       0x78 load address 0x08001d28
                0x20000048                        _sbss = .
                0x20000048                        __bss_start__ = _sbss
 *(.bss)
 .bss           0x20000048       0x1c E:/embedded/stm32/New folder/STM32CubeIDE/plugins/com.st.stm32cube.ide.mcu.externaltools.gnu-tools-for-stm32.13.3.rel1.win32_1.0.0.202411081344/tools/bin/../lib/gcc/arm-none-eabi/13.3.1/thumb/v7-m/nofp/crtbegin.o
 *(.bss*)
 .bss.hspi1     0x20000064       0x58 ./Core/Src/main.o
                0x20000064                hspi1
 .bss.uwTick    0x200000bc        0x4 ./Drivers/STM32F1xx_HAL_Driver/Src/stm32f1xx_hal.o
                0x200000bc                uwTick
 *(COMMON)
                0x200000c0                        . = ALIGN (0x4)
                0x200000c0                        _ebss = .
                0x200000c0                        __bss_end__ = _ebss

._user_heap_stack
                0x200000c0      0x600 load address 0x08001d28
                0x200000c0                        . = ALIGN (0x8)
                [!provide]                        PROVIDE (end = .)
                0x200000c0                        PROVIDE (_end = .)
                0x200002c0                        . = (. + _Min_Heap_Size)
 *fill*         0x200000c0      0x200 
                0x200006c0                        . = (. + _Min_Stack_Size)
 *fill*         0x200002c0      0x400 
                0x200006c0                        . = ALIGN (0x8)

/DISCARD/
 libc.a(*)
 libm.a(*)
 libgcc.a(*)

.ARM.attributes
                0x00000000       0x29
 *(.ARM.attributes)
 .ARM.attributes
                0x00000000       0x1d E:/embedded/stm32/New folder/STM32CubeIDE/plugins/com.st.stm32cube.ide.mcu.externaltools.gnu-tools-for-stm32.13.3.rel1.win32_1.0.0.202411081344/tools/bin/../lib/gcc/arm-none-eabi/13.3.1/thumb/v7-m/nofp/crti.o
 .ARM.attributes
                0x0000001d       0x2d E:/embedded/stm32/New folder/STM32CubeIDE/plugins/com.st.stm32cube.ide.mcu.externaltools.gnu-tools-for-stm32.13.3.rel1.win32_1.0.0.202411081344/tools/bin/../lib/gcc/arm-none-eabi/13.3.1/thumb/v7-m/nofp/crtbegin.o
 .ARM.attributes
                0x0000004a       0x2d ./Core/Src/main.o
 .ARM.attributes
                0x00000077       0x2d ./Core/Src/stm32f1xx_hal_msp.o
 .ARM.attributes
                0x000000a4       0x2d ./Core/Src/stm32f1xx_it.o
 .ARM.attributes
                0x000000d1       0x2d ./Core/Src/system_stm32f1xx.o
 .ARM.attributes
                0x000000fe       0x21 ./Core/Startup/startup_stm32f103c6tx.o
 .ARM.attributes
                0x0000011f       0x2d ./Drivers/STM32F1xx_HAL_Driver/Src/stm32f1xx_hal.o
 .ARM.attributes
                0x0000014c       0x2d ./Drivers/STM32F1xx_HAL_Driver/Src/stm32f1xx_hal_cortex.o
 .ARM.attributes
                0x00000179       0x2d ./Drivers/STM32F1xx_HAL_Driver/Src/stm32f1xx_hal_gpio.o
 .ARM.attributes
                0x000001a6       0x2d ./Drivers/STM32F1xx_HAL_Driver/Src/stm32f1xx_hal_rcc.o
 .ARM.attributes
                0x000001d3       0x2d ./Drivers/STM32F1xx_HAL_Driver/Src/stm32f1xx_hal_spi.o
 .ARM.attributes
                0x00000200       0x2d E:/embedded/stm32/New folder/STM32CubeIDE/plugins/com.st.stm32cube.ide.mcu.externaltools.gnu-tools-for-stm32.13.3.rel1.win32_1.0.0.202411081344/tools/bin/../lib/gcc/arm-none-eabi/13.3.1/../../../../arm-none-eabi/lib/thumb/v7-m/nofp\libc_nano.a(libc_a-memset.o)
 .ARM.attributes
                0x0000022d       0x2d E:/embedded/stm32/New folder/STM32CubeIDE/plugins/com.st.stm32cube.ide.mcu.externaltools.gnu-tools-for-stm32.13.3.rel1.win32_1.0.0.202411081344/tools/bin/../lib/gcc/arm-none-eabi/13.3.1/../../../../arm-none-eabi/lib/thumb/v7-m/nofp\libc_nano.a(libc_a-init.o)
 .ARM.attributes
                0x0000025a       0x1d E:/embedded/stm32/New folder/STM32CubeIDE/plugins/com.st.stm32cube.ide.mcu.externaltools.gnu-tools-for-stm32.13.3.rel1.win32_1.0.0.202411081344/tools/bin/../lib/gcc/arm-none-eabi/13.3.1/thumb/v7-m/nofp\libgcc.a(_arm_mulsf3.o)
 .ARM.attributes
                0x00000277       0x1d E:/embedded/stm32/New folder/STM32CubeIDE/plugins/com.st.stm32cube.ide.mcu.externaltools.gnu-tools-for-stm32.13.3.rel1.win32_1.0.0.202411081344/tools/bin/../lib/gcc/arm-none-eabi/13.3.1/thumb/v7-m/nofp\libgcc.a(_arm_fixunssfsi.o)
 .ARM.attributes
                0x00000294       0x1d E:/embedded/stm32/New folder/STM32CubeIDE/plugins/com.st.stm32cube.ide.mcu.externaltools.gnu-tools-for-stm32.13.3.rel1.win32_1.0.0.202411081344/tools/bin/../lib/gcc/arm-none-eabi/13.3.1/thumb/v7-m/nofp/crtn.o
OUTPUT(T3_star2_SLAVE.elf elf32-littlearm)
LOAD linker stubs
LOAD E:/embedded/stm32/New folder/STM32CubeIDE/plugins/com.st.stm32cube.ide.mcu.externaltools.gnu-tools-for-stm32.13.3.rel1.win32_1.0.0.202411081344/tools/bin/../lib/gcc/arm-none-eabi/13.3.1/../../../../arm-none-eabi/lib/thumb/v7-m/nofp\libc.a
LOAD E:/embedded/stm32/New folder/STM32CubeIDE/plugins/com.st.stm32cube.ide.mcu.externaltools.gnu-tools-for-stm32.13.3.rel1.win32_1.0.0.202411081344/tools/bin/../lib/gcc/arm-none-eabi/13.3.1/../../../../arm-none-eabi/lib/thumb/v7-m/nofp\libm.a
LOAD E:/embedded/stm32/New folder/STM32CubeIDE/plugins/com.st.stm32cube.ide.mcu.externaltools.gnu-tools-for-stm32.13.3.rel1.win32_1.0.0.202411081344/tools/bin/../lib/gcc/arm-none-eabi/13.3.1/thumb/v7-m/nofp\libgcc.a

.debug_info     0x00000000     0x4885
 .debug_info    0x00000000      0xa05 ./Core/Src/main.o
 .debug_info    0x00000a05      0x81f ./Core/Src/stm32f1xx_hal_msp.o
 .debug_info    0x00001224      0x113 ./Core/Src/stm32f1xx_it.o
 .debug_info    0x00001337      0x222 ./Core/Src/system_stm32f1xx.o
 .debug_info    0x00001559       0x30 ./Core/Startup/startup_stm32f103c6tx.o
 .debug_info    0x00001589      0x6e6 ./Drivers/STM32F1xx_HAL_Driver/Src/stm32f1xx_hal.o
 .debug_info    0x00001c6f      0xa69 ./Drivers/STM32F1xx_HAL_Driver/Src/stm32f1xx_hal_cortex.o
 .debug_info    0x000026d8      0x5ab ./Drivers/STM32F1xx_HAL_Driver/Src/stm32f1xx_hal_gpio.o
 .debug_info    0x00002c83      0x7d5 ./Drivers/STM32F1xx_HAL_Driver/Src/stm32f1xx_hal_rcc.o
 .debug_info    0x00003458     0x142d ./Drivers/STM32F1xx_HAL_Driver/Src/stm32f1xx_hal_spi.o

.debug_abbrev   0x00000000     0x11d8
 .debug_abbrev  0x00000000      0x266 ./Core/Src/main.o
 .debug_abbrev  0x00000266      0x1ac ./Core/Src/stm32f1xx_hal_msp.o
 .debug_abbrev  0x00000412       0x73 ./Core/Src/stm32f1xx_it.o
 .debug_abbrev  0x00000485      0x13f ./Core/Src/system_stm32f1xx.o
 .debug_abbrev  0x000005c4       0x24 ./Core/Startup/startup_stm32f103c6tx.o
 .debug_abbrev  0x000005e8      0x201 ./Drivers/STM32F1xx_HAL_Driver/Src/stm32f1xx_hal.o
 .debug_abbrev  0x000007e9      0x2f8 ./Drivers/STM32F1xx_HAL_Driver/Src/stm32f1xx_hal_cortex.o
 .debug_abbrev  0x00000ae1      0x1ca ./Drivers/STM32F1xx_HAL_Driver/Src/stm32f1xx_hal_gpio.o
 .debug_abbrev  0x00000cab      0x2b3 ./Drivers/STM32F1xx_HAL_Driver/Src/stm32f1xx_hal_rcc.o
 .debug_abbrev  0x00000f5e      0x27a ./Drivers/STM32F1xx_HAL_Driver/Src/stm32f1xx_hal_spi.o

.debug_aranges  0x00000000      0x5c0
 .debug_aranges
                0x00000000       0x48 ./Core/Src/main.o
 .debug_aranges
                0x00000048       0x30 ./Core/Src/stm32f1xx_hal_msp.o
 .debug_aranges
                0x00000078       0x60 ./Core/Src/stm32f1xx_it.o
 .debug_aranges
                0x000000d8       0x28 ./Core/Src/system_stm32f1xx.o
 .debug_aranges
                0x00000100       0x28 ./Core/Startup/startup_stm32f103c6tx.o
 .debug_aranges
                0x00000128       0xe0 ./Drivers/STM32F1xx_HAL_Driver/Src/stm32f1xx_hal.o
 .debug_aranges
                0x00000208      0x100 ./Drivers/STM32F1xx_HAL_Driver/Src/stm32f1xx_hal_cortex.o
 .debug_aranges
                0x00000308       0x58 ./Drivers/STM32F1xx_HAL_Driver/Src/stm32f1xx_hal_gpio.o
 .debug_aranges
                0x00000360       0x90 ./Drivers/STM32F1xx_HAL_Driver/Src/stm32f1xx_hal_rcc.o
 .debug_aranges
                0x000003f0      0x1d0 ./Drivers/STM32F1xx_HAL_Driver/Src/stm32f1xx_hal_spi.o

.debug_rnglists
                0x00000000      0x43f
 .debug_rnglists
                0x00000000       0x32 ./Core/Src/main.o
 .debug_rnglists
                0x00000032       0x20 ./Core/Src/stm32f1xx_hal_msp.o
 .debug_rnglists
                0x00000052       0x43 ./Core/Src/stm32f1xx_it.o
 .debug_rnglists
                0x00000095       0x1a ./Core/Src/system_stm32f1xx.o
 .debug_rnglists
                0x000000af       0x19 ./Core/Startup/startup_stm32f103c6tx.o
 .debug_rnglists
                0x000000c8       0xa3 ./Drivers/STM32F1xx_HAL_Driver/Src/stm32f1xx_hal.o
 .debug_rnglists
                0x0000016b       0xbb ./Drivers/STM32F1xx_HAL_Driver/Src/stm32f1xx_hal_cortex.o
 .debug_rnglists
                0x00000226       0x3f ./Drivers/STM32F1xx_HAL_Driver/Src/stm32f1xx_hal_gpio.o
 .debug_rnglists
                0x00000265       0x6c ./Drivers/STM32F1xx_HAL_Driver/Src/stm32f1xx_hal_rcc.o
 .debug_rnglists
                0x000002d1      0x16e ./Drivers/STM32F1xx_HAL_Driver/Src/stm32f1xx_hal_spi.o

.debug_macro    0x00000000    0x15970
 .debug_macro   0x00000000      0x196 ./Core/Src/main.o
 .debug_macro   0x00000196      0xacc ./Core/Src/main.o
 .debug_macro   0x00000c62      0x215 ./Core/Src/main.o
 .debug_macro   0x00000e77       0x2e ./Core/Src/main.o
 .debug_macro   0x00000ea5       0x22 ./Core/Src/main.o
 .debug_macro   0x00000ec7       0x22 ./Core/Src/main.o
 .debug_macro   0x00000ee9       0x8e ./Core/Src/main.o
 .debug_macro   0x00000f77       0x51 ./Core/Src/main.o
 .debug_macro   0x00000fc8      0x103 ./Core/Src/main.o
 .debug_macro   0x000010cb       0x6a ./Core/Src/main.o
 .debug_macro   0x00001135      0x1df ./Core/Src/main.o
 .debug_macro   0x00001314       0x1c ./Core/Src/main.o
 .debug_macro   0x00001330       0x22 ./Core/Src/main.o
 .debug_macro   0x00001352       0xbd ./Core/Src/main.o
 .debug_macro   0x0000140f      0xd23 ./Core/Src/main.o
 .debug_macro   0x00002132     0xde75 ./Core/Src/main.o
 .debug_macro   0x0000ffa7       0x6d ./Core/Src/main.o
 .debug_macro   0x00010014     0x34a2 ./Core/Src/main.o
 .debug_macro   0x000134b6      0x190 ./Core/Src/main.o
 .debug_macro   0x00013646       0x5c ./Core/Src/main.o
 .debug_macro   0x000136a2      0x5bc ./Core/Src/main.o
 .debug_macro   0x00013c5e      0x1b7 ./Core/Src/main.o
 .debug_macro   0x00013e15      0x1cb ./Core/Src/main.o
 .debug_macro   0x00013fe0      0x114 ./Core/Src/main.o
 .debug_macro   0x000140f4      0x1b2 ./Core/Src/main.o
 .debug_macro   0x000142a6       0x27 ./Core/Src/main.o
 .debug_macro   0x000142cd      0x12f ./Core/Src/main.o
 .debug_macro   0x000143fc      0x1bc ./Core/Src/main.o
 .debug_macro   0x000145b8       0x34 ./Core/Src/main.o
 .debug_macro   0x000145ec       0x3c ./Core/Src/main.o
 .debug_macro   0x00014628       0x57 ./Core/Src/main.o
 .debug_macro   0x0001467f       0x87 ./Core/Src/main.o
 .debug_macro   0x00014706      0x183 ./Core/Src/main.o
 .debug_macro   0x00014889      0x140 ./Core/Src/main.o
 .debug_macro   0x000149c9      0x217 ./Core/Src/main.o
 .debug_macro   0x00014be0       0x69 ./Core/Src/main.o
 .debug_macro   0x00014c49      0x196 ./Core/Src/stm32f1xx_hal_msp.o
 .debug_macro   0x00014ddf      0x1a0 ./Core/Src/stm32f1xx_it.o
 .debug_macro   0x00014f7f      0x18c ./Core/Src/system_stm32f1xx.o
 .debug_macro   0x0001510b      0x1b0 ./Drivers/STM32F1xx_HAL_Driver/Src/stm32f1xx_hal.o
 .debug_macro   0x000152bb      0x18c ./Drivers/STM32F1xx_HAL_Driver/Src/stm32f1xx_hal_cortex.o
 .debug_macro   0x00015447      0x1f7 ./Drivers/STM32F1xx_HAL_Driver/Src/stm32f1xx_hal_gpio.o
 .debug_macro   0x0001563e      0x19e ./Drivers/STM32F1xx_HAL_Driver/Src/stm32f1xx_hal_rcc.o
 .debug_macro   0x000157dc      0x194 ./Drivers/STM32F1xx_HAL_Driver/Src/stm32f1xx_hal_spi.o

.debug_line     0x00000000     0x67a4
 .debug_line    0x00000000      0x828 ./Core/Src/main.o
 .debug_line    0x00000828      0x72a ./Core/Src/stm32f1xx_hal_msp.o
 .debug_line    0x00000f52      0x785 ./Core/Src/stm32f1xx_it.o
 .debug_line    0x000016d7      0x755 ./Core/Src/system_stm32f1xx.o
 .debug_line    0x00001e2c       0x78 ./Core/Startup/startup_stm32f103c6tx.o
 .debug_line    0x00001ea4      0x986 ./Drivers/STM32F1xx_HAL_Driver/Src/stm32f1xx_hal.o
 .debug_line    0x0000282a      0xb50 ./Drivers/STM32F1xx_HAL_Driver/Src/stm32f1xx_hal_cortex.o
 .debug_line    0x0000337a      0x9ce ./Drivers/STM32F1xx_HAL_Driver/Src/stm32f1xx_hal_gpio.o
 .debug_line    0x00003d48      0xe3f ./Drivers/STM32F1xx_HAL_Driver/Src/stm32f1xx_hal_rcc.o
 .debug_line    0x00004b87     0x1c1d ./Drivers/STM32F1xx_HAL_Driver/Src/stm32f1xx_hal_spi.o

.debug_str      0x00000000    0x7b68e
 .debug_str     0x00000000    0x7b68e ./Core/Src/main.o
                              0x7a496 (size before relaxing)
 .debug_str     0x0007b68e    0x7a2f9 ./Core/Src/stm32f1xx_hal_msp.o
 .debug_str     0x0007b68e    0x79eb3 ./Core/Src/stm32f1xx_it.o
 .debug_str     0x0007b68e    0x79ec9 ./Core/Src/system_stm32f1xx.o
 .debug_str     0x0007b68e       0x85 ./Core/Startup/startup_stm32f103c6tx.o
 .debug_str     0x0007b68e    0x7a5c2 ./Drivers/STM32F1xx_HAL_Driver/Src/stm32f1xx_hal.o
 .debug_str     0x0007b68e    0x7a50e ./Drivers/STM32F1xx_HAL_Driver/Src/stm32f1xx_hal_cortex.o
 .debug_str     0x0007b68e    0x7a24f ./Drivers/STM32F1xx_HAL_Driver/Src/stm32f1xx_hal_gpio.o
 .debug_str     0x0007b68e    0x7a2f8 ./Drivers/STM32F1xx_HAL_Driver/Src/stm32f1xx_hal_rcc.o
 .debug_str     0x0007b68e    0x7a7ef ./Drivers/STM32F1xx_HAL_Driver/Src/stm32f1xx_hal_spi.o

.comment        0x00000000       0x43
 .comment       0x00000000       0x43 ./Core/Src/main.o
                                 0x44 (size before relaxing)
 .comment       0x00000043       0x44 ./Core/Src/stm32f1xx_hal_msp.o
 .comment       0x00000043       0x44 ./Core/Src/stm32f1xx_it.o
 .comment       0x00000043       0x44 ./Core/Src/system_stm32f1xx.o
 .comment       0x00000043       0x44 ./Drivers/STM32F1xx_HAL_Driver/Src/stm32f1xx_hal.o
 .comment       0x00000043       0x44 ./Drivers/STM32F1xx_HAL_Driver/Src/stm32f1xx_hal_cortex.o
 .comment       0x00000043       0x44 ./Drivers/STM32F1xx_HAL_Driver/Src/stm32f1xx_hal_gpio.o
 .comment       0x00000043       0x44 ./Drivers/STM32F1xx_HAL_Driver/Src/stm32f1xx_hal_rcc.o
 .comment       0x00000043       0x44 ./Drivers/STM32F1xx_HAL_Driver/Src/stm32f1xx_hal_spi.o

.debug_frame    0x00000000     0x1628
 .debug_frame   0x00000000       0xd4 ./Core/Src/main.o
 .debug_frame   0x000000d4       0x80 ./Core/Src/stm32f1xx_hal_msp.o
 .debug_frame   0x00000154      0x104 ./Core/Src/stm32f1xx_it.o
 .debug_frame   0x00000258       0x58 ./Core/Src/system_stm32f1xx.o
 .debug_frame   0x000002b0      0x334 ./Drivers/STM32F1xx_HAL_Driver/Src/stm32f1xx_hal.o
 .debug_frame   0x000005e4      0x428 ./Drivers/STM32F1xx_HAL_Driver/Src/stm32f1xx_hal_cortex.o
 .debug_frame   0x00000a0c      0x14c ./Drivers/STM32F1xx_HAL_Driver/Src/stm32f1xx_hal_gpio.o
 .debug_frame   0x00000b58      0x218 ./Drivers/STM32F1xx_HAL_Driver/Src/stm32f1xx_hal_rcc.o
 .debug_frame   0x00000d70      0x824 ./Drivers/STM32F1xx_HAL_Driver/Src/stm32f1xx_hal_spi.o
 .debug_frame   0x00001594       0x20 E:/embedded/stm32/New folder/STM32CubeIDE/plugins/com.st.stm32cube.ide.mcu.externaltools.gnu-tools-for-stm32.13.3.rel1.win32_1.0.0.202411081344/tools/bin/../lib/gcc/arm-none-eabi/13.3.1/../../../../arm-none-eabi/lib/thumb/v7-m/nofp\libc_nano.a(libc_a-memset.o)
 .debug_frame   0x000015b4       0x2c E:/embedded/stm32/New folder/STM32CubeIDE/plugins/com.st.stm32cube.ide.mcu.externaltools.gnu-tools-for-stm32.13.3.rel1.win32_1.0.0.202411081344/tools/bin/../lib/gcc/arm-none-eabi/13.3.1/../../../../arm-none-eabi/lib/thumb/v7-m/nofp\libc_nano.a(libc_a-init.o)
 .debug_frame   0x000015e0       0x24 E:/embedded/stm32/New folder/STM32CubeIDE/plugins/com.st.stm32cube.ide.mcu.externaltools.gnu-tools-for-stm32.13.3.rel1.win32_1.0.0.202411081344/tools/bin/../lib/gcc/arm-none-eabi/13.3.1/thumb/v7-m/nofp\libgcc.a(_arm_mulsf3.o)
 .debug_frame   0x00001604       0x24 E:/embedded/stm32/New folder/STM32CubeIDE/plugins/com.st.stm32cube.ide.mcu.externaltools.gnu-tools-for-stm32.13.3.rel1.win32_1.0.0.202411081344/tools/bin/../lib/gcc/arm-none-eabi/13.3.1/thumb/v7-m/nofp\libgcc.a(_arm_fixunssfsi.o)

.debug_line_str
                0x00000000       0x69
 .debug_line_str
                0x00000000       0x69 ./Core/Startup/startup_stm32f103c6tx.o
